Component: ARM Compiler 5.06 update 7 (build 960) Tool: armlink [4d3601]

==============================================================================

Section Cross References

    gd32f4xx_it.o(i.EXTI2_IRQHandler) refers to gd32f4xx_exti.o(i.exti_interrupt_flag_get) for exti_interrupt_flag_get
    gd32f4xx_it.o(i.EXTI2_IRQHandler) refers to gd32f4xx_gpio.o(i.gpio_input_bit_get) for gpio_input_bit_get
    gd32f4xx_it.o(i.EXTI2_IRQHandler) refers to gd32f4xx_exti.o(i.exti_interrupt_flag_clear) for exti_interrupt_flag_clear
    gd32f4xx_it.o(i.EXTI2_IRQHandler) refers to motor.o(.data) for encoder_count
    gd32f4xx_it.o(i.EXTI3_IRQHandler) refers to gd32f4xx_exti.o(i.exti_interrupt_flag_get) for exti_interrupt_flag_get
    gd32f4xx_it.o(i.EXTI3_IRQHandler) refers to gd32f4xx_gpio.o(i.gpio_input_bit_get) for gpio_input_bit_get
    gd32f4xx_it.o(i.EXTI3_IRQHandler) refers to gd32f4xx_exti.o(i.exti_interrupt_flag_clear) for exti_interrupt_flag_clear
    gd32f4xx_it.o(i.EXTI3_IRQHandler) refers to motor.o(.data) for encoder_count
    gd32f4xx_it.o(i.TIMER1_IRQHandler) refers to gd32f4xx_timer.o(i.timer_interrupt_flag_get) for timer_interrupt_flag_get
    gd32f4xx_it.o(i.TIMER1_IRQHandler) refers to gd32f4xx_timer.o(i.timer_interrupt_flag_clear) for timer_interrupt_flag_clear
    gd32f4xx_it.o(i.TIMER1_IRQHandler) refers to ultrasonic.o(.data) for status
    gd32f4xx_it.o(i.TIMER3_IRQHandler) refers to gd32f4xx_timer.o(i.timer_interrupt_flag_get) for timer_interrupt_flag_get
    gd32f4xx_it.o(i.TIMER3_IRQHandler) refers to gd32f4xx_timer.o(i.timer_interrupt_flag_clear) for timer_interrupt_flag_clear
    gd32f4xx_it.o(i.TIMER3_IRQHandler) refers to tasks.o(i.vTaskGenericNotifyGiveFromISR) for vTaskGenericNotifyGiveFromISR
    gd32f4xx_it.o(i.TIMER3_IRQHandler) refers to gd32f4xx_timer.o(i.timer_disable) for timer_disable
    gd32f4xx_it.o(i.TIMER3_IRQHandler) refers to systick.o(.data) for global_count
    gd32f4xx_it.o(i.TIMER3_IRQHandler) refers to systick.o(.bss) for delay_tasks
    gd32f4xx_it.o(i.USART1_IRQHandler) refers to gd32f4xx_usart.o(i.usart_flag_get) for usart_flag_get
    gd32f4xx_it.o(i.USART1_IRQHandler) refers to gd32f4xx_usart.o(i.usart_data_receive) for usart_data_receive
    gd32f4xx_it.o(i.USART1_IRQHandler) refers to gd32f4xx_it.o(.data) for .data
    gd32f4xx_it.o(i.USART1_IRQHandler) refers to gd32f4xx_it.o(.bss) for .bss
    gd32f4xx_it.o(i.USART1_IRQHandler) refers to speak.o(.data) for voiceFlag
    gd32f4xx_it.o(i.USART2_IRQHandler) refers to gd32f4xx_usart.o(i.usart_interrupt_flag_get) for usart_interrupt_flag_get
    gd32f4xx_it.o(i.USART2_IRQHandler) refers to gd32f4xx_usart.o(i.usart_data_receive) for usart_data_receive
    gd32f4xx_it.o(i.USART2_IRQHandler) refers to memcpya.o(.text) for __aeabi_memcpy
    gd32f4xx_it.o(i.USART2_IRQHandler) refers to queue.o(i.xQueueGenericSendFromISR) for xQueueGenericSendFromISR
    gd32f4xx_it.o(i.USART2_IRQHandler) refers to memseta.o(.text) for __aeabi_memclr
    gd32f4xx_it.o(i.USART2_IRQHandler) refers to gd32f4xx_it.o(.data) for .data
    gd32f4xx_it.o(i.USART2_IRQHandler) refers to gd32f4xx_it.o(.bss) for .bss
    gd32f4xx_it.o(i.USART2_IRQHandler) refers to main.o(.data) for uartQueue
    gd32f4xx_it.o(i.USART5_IRQHandler) refers to gd32f4xx_usart.o(i.usart_flag_get) for usart_flag_get
    gd32f4xx_it.o(i.USART5_IRQHandler) refers to gd32f4xx_usart.o(i.usart_data_receive) for usart_data_receive
    gd32f4xx_it.o(i.USART5_IRQHandler) refers to gd32f4xx_it.o(.data) for .data
    gd32f4xx_it.o(i.USART5_IRQHandler) refers to c1016.o(.bss) for c1016_rx_buffer
    gd32f4xx_it.o(i.process_usart2_received_data) refers to printfa.o(i.__0printf) for __2printf
    gd32f4xx_it.o(i.process_usart2_received_data) refers to button_callback.o(i.button_callback) for button_callback
    gd32f4xx_it.o(i.process_usart2_received_data) refers to gd32f4xx_it.o(.data) for .data
    gd32f4xx_it.o(i.process_usart2_received_data) refers to gd32f4xx_it.o(.bss) for .bss
    main.o(i.UartProcessTask) refers to gd32f4xx_it.o(i.process_usart2_received_data) for process_usart2_received_data
    main.o(i.UartProcessTask) refers to queue.o(i.xQueueReceive) for xQueueReceive
    main.o(i.UartProcessTask) refers to main.o(.data) for .data
    main.o(i.fputc) refers to gd32f4xx_usart.o(i.usart_data_transmit) for usart_data_transmit
    main.o(i.fputc) refers to gd32f4xx_usart.o(i.usart_flag_get) for usart_flag_get
    main.o(i.freertos_init) refers to queue.o(i.xQueueGenericCreate) for xQueueGenericCreate
    main.o(i.freertos_init) refers to printfa.o(i.__0printf) for __2printf
    main.o(i.freertos_init) refers to tasks.o(i.xTaskCreate) for xTaskCreate
    main.o(i.freertos_init) refers to tasks.o(i.vTaskStartScheduler) for vTaskStartScheduler
    main.o(i.freertos_init) refers to main.o(.data) for .data
    main.o(i.freertos_init) refers to main.o(i.UartProcessTask) for UartProcessTask
    main.o(i.hardware_init) refers to systick.o(i.systick_config) for systick_config
[...]
    parse_lcd_number_data                    0x08008235   Thumb Code   204  usart_lcd.o(i.parse_lcd_number_data)
    parse_lcd_string_data                    0x08008301   Thumb Code   240  usart_lcd.o(i.parse_lcd_string_data)
    process_usart2_received_data             0x080083f1   Thumb Code    82  gd32f4xx_it.o(i.process_usart2_received_data)
    pvPortMalloc                             0x08008bf5   Thumb Code   154  heap_4.o(i.pvPortMalloc)
    pwm_gpio_config                          0x08008c95   Thumb Code    50  timer.o(i.pwm_gpio_config)
    pxPortInitialiseStack                    0x08008ccd   Thumb Code    30  port.o(i.pxPortInitialiseStack)
    rcu_clock_freq_get                       0x08008d21   Thumb Code   184  gd32f4xx_rcu.o(i.rcu_clock_freq_get)
    rcu_periph_clock_enable                  0x08008e0d   Thumb Code    26  gd32f4xx_rcu.o(i.rcu_periph_clock_enable)
    rcu_periph_reset_disable                 0x08008e2d   Thumb Code    26  gd32f4xx_rcu.o(i.rcu_periph_reset_disable)
    rcu_periph_reset_enable                  0x08008e4d   Thumb Code    26  gd32f4xx_rcu.o(i.rcu_periph_reset_enable)
    rcu_timer_clock_prescaler_config         0x08008e6d   Thumb Code    26  gd32f4xx_rcu.o(i.rcu_timer_clock_prescaler_config)
    rtc_clock_config                         0x08008f65   Thumb Code    58  rtc.o(i.rtc_clock_config)
    rtc_get_time                             0x08008fd5   Thumb Code    12  rtc.o(i.rtc_get_time)
    save_fingerprint_image                   0x08008fe5   Thumb Code   126  c1016.o(i.save_fingerprint_image)
    save_fingerprint_template                0x080090b9   Thumb Code   134  c1016.o(i.save_fingerprint_template)
    set_motor_speed                          0x080091e5   Thumb Code    88  motor.o(i.set_motor_speed)
    set_step                                 0x08009241   Thumb Code   118  step_motor.o(i.set_step)
    sqrt                                     0x080092bd   Thumb Code   110  sqrt.o(i.sqrt)
    start_task                               0x0800932d   Thumb Code   270  task_manager.o(i.start_task)
    step_delay                               0x08009699   Thumb Code    22  step_motor.o(i.step_delay)
    step_motor_set_speed                     0x080096b5   Thumb Code    18  step_motor.o(i.step_motor_set_speed)
    stop_task                                0x080096cd   Thumb Code   152  task_manager.o(i.stop_task)
    syscfg_exti_line_config                  0x080098fd   Thumb Code    98  gd32f4xx_syscfg.o(i.syscfg_exti_line_config)
    systick_clksource_set                    0x08009a11   Thumb Code    28  gd32f4xx_misc.o(i.systick_clksource_set)
    systick_config                           0x08009a2d   Thumb Code     8  systick.o(i.systick_config)
    task_log                                 0x08009fe5   Thumb Code    44  button_callback.o(i.task_log)
    timer_auto_reload_shadow_enable          0x0800a069   Thumb Code    10  gd32f4xx_timer.o(i.timer_auto_reload_shadow_enable)
    timer_channel_output_config              0x0800a075   Thumb Code   464  gd32f4xx_timer.o(i.timer_channel_output_config)
    timer_channel_output_mode_config         0x0800a24d   Thumb Code    84  gd32f4xx_timer.o(i.timer_channel_output_mode_config)
    timer_channel_output_pulse_value_config  0x0800a2a1   Thumb Code    32  gd32f4xx_timer.o(i.timer_channel_output_pulse_value_config)
    timer_channel_output_shadow_config       0x0800a2c1   Thumb Code    84  gd32f4xx_timer.o(i.timer_channel_output_shadow_config)
    timer_channel_output_struct_para_init    0x0800a315   Thumb Code    16  gd32f4xx_timer.o(i.timer_channel_output_struct_para_init)
    timer_deinit                             0x0800a325   Thumb Code   380  gd32f4xx_timer.o(i.timer_deinit)
    timer_disable                            0x0800a4ad   Thumb Code    10  gd32f4xx_timer.o(i.timer_disable)
    timer_enable                             0x0800a4b7   Thumb Code    10  gd32f4xx_timer.o(i.timer_enable)
    timer_init                               0x0800a4c1   Thumb Code   120  gd32f4xx_timer.o(i.timer_init)
    timer_interrupt_enable                   0x0800a555   Thumb Code     8  gd32f4xx_timer.o(i.timer_interrupt_enable)
    timer_interrupt_flag_clear               0x0800a55d   Thumb Code     6  gd32f4xx_timer.o(i.timer_interrupt_flag_clear)
    timer_interrupt_flag_get                 0x0800a563   Thumb Code    20  gd32f4xx_timer.o(i.timer_interrupt_flag_get)
    timer_struct_para_init                   0x0800a577   Thumb Code    20  gd32f4xx_timer.o(i.timer_struct_para_init)
    ulTaskGenericNotifyTake                  0x0800a58d   Thumb Code   122  tasks.o(i.ulTaskGenericNotifyTake)
    usart_baudrate_set                       0x0800a611   Thumb Code   176  gd32f4xx_usart.o(i.usart_baudrate_set)
    usart_data_first_config                  0x0800a6c9   Thumb Code    14  gd32f4xx_usart.o(i.usart_data_first_config)
    usart_data_receive                       0x0800a6d7   Thumb Code     8  gd32f4xx_usart.o(i.usart_data_receive)
    usart_data_transmit                      0x0800a6df   Thumb Code     8  gd32f4xx_usart.o(i.usart_data_transmit)
    usart_deinit                             0x0800a6e9   Thumb Code   214  gd32f4xx_usart.o(i.usart_deinit)
    usart_enable                             0x0800a7c9   Thumb Code    10  gd32f4xx_usart.o(i.usart_enable)
    usart_flag_get                           0x0800a7d3   Thumb Code    26  gd32f4xx_usart.o(i.usart_flag_get)
    usart_hardware_flow_coherence_config     0x0800a7ed   Thumb Code    22  gd32f4xx_usart.o(i.usart_hardware_flow_coherence_config)
    usart_interrupt_enable                   0x0800a803   Thumb Code    20  gd32f4xx_usart.o(i.usart_interrupt_enable)
    usart_interrupt_flag_get                 0x0800a817   Thumb Code    50  gd32f4xx_usart.o(i.usart_interrupt_flag_get)
    usart_parity_config                      0x0800a88d   Thumb Code    16  gd32f4xx_usart.o(i.usart_parity_config)
    usart_receive_config                     0x0800a89d   Thumb Code    12  gd32f4xx_usart.o(i.usart_receive_config)
    usart_stop_bit_set                       0x0800a8a9   Thumb Code    16  gd32f4xx_usart.o(i.usart_stop_bit_set)
    usart_transmit_config                    0x0800a8b9   Thumb Code    12  gd32f4xx_usart.o(i.usart_transmit_config)
    usart_word_length_set                    0x0800a8c5   Thumb Code    16  gd32f4xx_usart.o(i.usart_word_length_set)
    uxListRemove                             0x0800a8d5   Thumb Code    38  list.o(i.uxListRemove)
    uxTaskGetNumberOfTasks                   0x0800a8fd   Thumb Code     6  tasks.o(i.uxTaskGetNumberOfTasks)
    vListInitialise                          0x0800a909   Thumb Code    22  list.o(i.vListInitialise)
    vListInitialiseItem                      0x0800a91f   Thumb Code     6  list.o(i.vListInitialiseItem)
    vListInsert                              0x0800a925   Thumb Code    48  list.o(i.vListInsert)
    vListInsertEnd                           0x0800a955   Thumb Code    24  list.o(i.vListInsertEnd)
    vPortEnterCritical                       0x0800a96d   Thumb Code    24  port.o(i.vPortEnterCritical)
    vPortExitCritical                        0x0800a989   Thumb Code    18  port.o(i.vPortExitCritical)
    vPortFree                                0x0800a9a1   Thumb Code    64  heap_4.o(i.vPortFree)
    vPortSetupTimerInterrupt                 0x0800a9e5   Thumb Code    20  port.o(i.vPortSetupTimerInterrupt)
    vQueueWaitForMessageRestricted           0x0800a9fd   Thumb Code    70  queue.o(i.vQueueWaitForMessageRestricted)
    vTaskDelay                               0x0800aa45   Thumb Code    48  tasks.o(i.vTaskDelay)
    vTaskDelete                              0x0800aa79   Thumb Code   144  tasks.o(i.vTaskDelete)
    vTaskGenericNotifyGiveFromISR            0x0800ab15   Thumb Code   222  tasks.o(i.vTaskGenericNotifyGiveFromISR)
    vTaskInternalSetTimeOutState             0x0800abfd   Thumb Code    12  tasks.o(i.vTaskInternalSetTimeOutState)
    vTaskMissedYield                         0x0800ac0d   Thumb Code     8  tasks.o(i.vTaskMissedYield)
    vTaskPlaceOnEventList                    0x0800ac19   Thumb Code    26  tasks.o(i.vTaskPlaceOnEventList)
    vTaskPlaceOnEventListRestricted          0x0800ac39   Thumb Code    62  tasks.o(i.vTaskPlaceOnEventListRestricted)
    vTaskPrioritySet                         0x0800ac7d   Thumb Code   196  tasks.o(i.vTaskPrioritySet)
    vTaskResume                              0x0800ad4d   Thumb Code   136  tasks.o(i.vTaskResume)
    vTaskStartScheduler                      0x0800ade1   Thumb Code    72  tasks.o(i.vTaskStartScheduler)
    vTaskSuspend                             0x0800ae39   Thumb Code   164  tasks.o(i.vTaskSuspend)
    vTaskSuspendAll                          0x0800aee9   Thumb Code    10  tasks.o(i.vTaskSuspendAll)
    vTaskSwitchContext                       0x0800aef9   Thumb Code    64  tasks.o(i.vTaskSwitchContext)
    vTimerCallback                           0x0800af41   Thumb Code    94  rtc.o(i.vTimerCallback)
    xPortStartScheduler                      0x0800b009   Thumb Code    52  port.o(i.xPortStartScheduler)
    xQueueGenericCreate                      0x0800b049   Thumb Code    64  queue.o(i.xQueueGenericCreate)
    xQueueGenericReset                       0x0800b089   Thumb Code   142  queue.o(i.xQueueGenericReset)
    xQueueGenericSend                        0x0800b11d   Thumb Code   244  queue.o(i.xQueueGenericSend)
    xQueueGenericSendFromISR                 0x0800b215   Thumb Code   112  queue.o(i.xQueueGenericSendFromISR)
    xQueueReceive                            0x0800b285   Thumb Code   236  queue.o(i.xQueueReceive)
    xTaskCheckForTimeOut                     0x0800b375   Thumb Code    84  tasks.o(i.xTaskCheckForTimeOut)
    xTaskCreate                              0x0800b3cd   Thumb Code   104  tasks.o(i.xTaskCreate)
    xTaskGetCurrentTaskHandle                0x0800b435   Thumb Code     6  tasks.o(i.xTaskGetCurrentTaskHandle)
    xTaskGetSchedulerState                   0x0800b441   Thumb Code    24  tasks.o(i.xTaskGetSchedulerState)
    xTaskGetTickCount                        0x0800b45d   Thumb Code     6  tasks.o(i.xTaskGetTickCount)
    xTaskIncrementTick                       0x0800b469   Thumb Code   274  tasks.o(i.xTaskIncrementTick)
    xTaskRemoveFromEventList                 0x0800b585   Thumb Code   192  tasks.o(i.xTaskRemoveFromEventList)
    xTaskResumeAll                           0x0800b64d   Thumb Code   264  tasks.o(i.xTaskResumeAll)
    xTimerCreate                             0x0800b761   Thumb Code    52  timers.o(i.xTimerCreate)
    xTimerCreateTimerTask                    0x0800b795   Thumb Code    42  timers.o(i.xTimerCreateTimerTask)
    xTimerGenericCommand                     0x0800b7d1   Thumb Code    78  timers.o(i.xTimerGenericCommand)
    music_example_7                          0x0800b8aa   Data         146  beep.o(.constdata)
    asc2_1608                                0x0800b93c   Data        1520  oled.o(.constdata)
    tfont16                                  0x0800bf2c   Data        4488  oled.o(.constdata)
    tfont32                                  0x0800d0b4   Data        2600  oled.o(.constdata)
    __mathlib_zero                           0x0800dc90   Data           8  qnan.o(.constdata)
    Region$$Table$$Base                      0x0800dd88   Number         0  anon$$obj.o(Region$$Table)
    Region$$Table$$Limit                     0x0800dda8   Number         0  anon$$obj.o(Region$$Table)
    ScreenDataByte                           0x20000000   Data           1  gd32f4xx_it.o(.data)
    usart1_rx_data                           0x20000004   Data           1  gd32f4xx_it.o(.data)
    usart1_rx_size                           0x20000006   Data           2  gd32f4xx_it.o(.data)
    usart1_rxcount                           0x20000008   Data           2  gd32f4xx_it.o(.data)
    USART1_FLAG                              0x2000000a   Data           2  gd32f4xx_it.o(.data)
    lcd_data_size                            0x2000000c   Data           2  gd32f4xx_it.o(.data)
    usart2_rx_size                           0x2000000e   Data           2  gd32f4xx_it.o(.data)
    usart2_rxcount                           0x20000010   Data           2  gd32f4xx_it.o(.data)
    USART2_FLAG                              0x20000012   Data           2  gd32f4xx_it.o(.data)
    uartQueue                                0x20000014   Data           4  main.o(.data)
    systemUsartConfig                        0x20000018   Data          40  main.o(.data)
    timer_is_running                         0x20000040   Data           1  systick.o(.data)
    global_count                             0x20000044   Data           4  systick.o(.data)
    flag                                     0x20000049   Data           1  button_callback.o(.data)
    taskTables                               0x20000050   Data        1560  button_callback.o(.data)
    xTimer                                   0x2000080c   Data           4  rtc.o(.data)
    rgb_led                                  0x20000824   Data          36  rgb_led.o(.data)
    beep                                     0x20000848   Data          20  beep.o(.data)
    music_example_7_size                     0x2000085c   Data           4  beep.o(.data)
    btn1                                     0x20000860   Data          24  key.o(.data)
    btn2                                     0x20000878   Data          24  key.o(.data)
    btn3                                     0x20000890   Data          24  key.o(.data)
    btn4                                     0x200008a8   Data          24  key.o(.data)
    key                                      0x200008c0   Data          12  key.o(.data)
    bh1750                                   0x200008d0   Data          16  bh1750.o(.data)
    hx711                                    0x200008f0   Data          12  hx711.o(.data)
    oled                                     0x200008fc   Data          40  oled.o(.data)
    keyboard                                 0x20000928   Data          16  ch455g.o(.data)
    display_flag                             0x20000938   Data           1  mpu6050.o(.data)
    mpu6050                                  0x20000948   Data          20  mpu6050.o(.data)
    rc522                                    0x20000968   Data          20  rc522.o(.data)
    voiceFlag                                0x2000097c   Data           1  speak.o(.data)
    bkrc_speak                               0x20000980   Data          20  speak.o(.data)
    hmi                                      0x20000994   Data          32  usart_lcd.o(.data)
    c1016_color                              0x200009b8   Data           4  c1016.o(.data)
    c1016_usart_config                       0x200009bc   Data          40  c1016.o(.data)
    c1016                                    0x200009e4   Data          28  c1016.o(.data)
    CMD_GET_STATU                            0x20000a00   Data          26  c1016_cmds.o(.data)
    CMD_GET_IMAGE                            0x20000a1a   Data          26  c1016_cmds.o(.data)
    CMD_GENERATE                             0x20000a34   Data          26  c1016_cmds.o(.data)
    CMD_MERGE                                0x20000a4e   Data          26  c1016_cmds.o(.data)
    CMD_STORE_CHAR                           0x20000a68   Data          26  c1016_cmds.o(.data)
    CMD_DEL_CHAR                             0x20000a82   Data          26  c1016_cmds.o(.data)
    CMD_SEARCH                               0x20000a9c   Data          26  c1016_cmds.o(.data)
    dht11                                    0x20000ab8   Data          20  dht11.o(.data)
    temperature                              0x20000acc   Data           2  dht11.o(.data)
    humidity                                 0x20000ace   Data           2  dht11.o(.data)
    ds18b20                                  0x20000ad0   Data           8  ds18b20.o(.data)
    step_motor                               0x20000adc   Data          20  step_motor.o(.data)
    encoder_count                            0x20000af0   Data           4  motor.o(.data)
    motor                                    0x20000af8   Data          12  motor.o(.data)
    fan                                      0x20000b04   Data          12  fan.o(.data)
    ultrasonic                               0x20000b10   Data          12  ultrasonic.o(.data)
    real_time                                0x20000b1c   Data           4  ultrasonic.o(.data)
    dis_temp                                 0x20000b20   Data           4  ultrasonic.o(.data)
    status                                   0x20000b24   Data           4  ultrasonic.o(.data)
    matrix                                   0x20000b40   Data          40  _74hc595.o(.data)
    col_data                                 0x20000b68   Data          16  _74hc595.o(.data)
    row_data                                 0x20000b78   Data          16  _74hc595.o(.data)
    matrix_nums_data                         0x20000b88   Data          80  matrix_data.o(.data)
    matrix_data_2                            0x20000bd8   Data          40  matrix_data.o(.data)
    Nixie_Tab                                0x20000c00   Data          16  nixie.o(.data)
    nixie_tube                               0x20000c10   Data          20  nixie.o(.data)
    servo                                    0x20000c24   Data           8  servo.o(.data)
    infrared_distance                        0x20000c2c   Data           8  infrared_distance.o(.data)
    pxCurrentTCB                             0x20000c50   Data           4  tasks.o(.data)
    uxTopUsedPriority                        0x20000c80   Data           4  tasks.o(.data)
    __stdout                                 0x20000cc4   Data           4  stdout.o(.data)
    __microlib_freelist                      0x20000cc8   Data           4  mvars.o(.data)
    __microlib_freelist_initialised          0x20000ccc   Data           4  mvars.o(.data)
    usart1_rxbuffer                          0x20000cd4   Data         200  gd32f4xx_it.o(.bss)
    lcd_rx_data                              0x20000d9c   Data         256  gd32f4xx_it.o(.bss)
    usart2_rxbuffer                          0x20000f9e   Data         200  gd32f4xx_it.o(.bss)
    delay_tasks                              0x20001068   Data         240  systick.o(.bss)
    bh1750_i2c_init_struct                   0x20001364   Data          20  bh1750.o(.bss)
    oled_i2c_init_struct                     0x20001378   Data          20  oled.o(.bss)
    ch455g_i2c_init_struct                   0x200013ac   Data          20  ch455g.o(.bss)
    mpu_i2c_cfg                              0x200013c0   Data          20  mpu6050.o(.bss)
    READ_RFID                                0x200013d4   Data          18  rc522.o(.bss)
    rc522_i2c_config                         0x200013e8   Data          20  rc522.o(.bss)
    speakUsartConfig                         0x200013fc   Data          40  speak.o(.bss)
    lcd_usart_config                         0x20001424   Data          40  usart_lcd.o(.bss)
    c1016_rx_buffer                          0x2000147e   Data         256  c1016.o(.bss)
    __heap_base                              0x20005a70   Data           0  startup_gd32f407.o(HEAP)
    __heap_limit                             0x20007a70   Data           0  startup_gd32f407.o(HEAP)
    __initial_sp                             0x20007e70   Data           0  startup_gd32f407.o(STACK)



==============================================================================

Memory Map of the image

  Image Entry point : 0x08000189

  Load Region LR_IROM1 (Base: 0x08000000, Size: 0x0000ea7c, Max: 0x00080000, ABSOLUTE, COMPRESSED[0x0000e20c])

    Execution Region ER_IROM1 (Exec base: 0x08000000, Load base: 0x08000000, Size: 0x0000dda8, Max: 0x00080000, ABSOLUTE)

    Exec Addr    Load Addr    Size         Type   Attr      Idx    E Section Name        Object

    0x08000000   0x08000000   0x00000188   Data   RO         4658    RESET               startup_gd32f407.o
    0x08000188   0x08000188   0x00000000   Code   RO        10189  * .ARM.Collect$$$$00000000  mc_w.l(entry.o)
    0x08000188   0x08000188   0x00000004   Code   RO        10538    .ARM.Collect$$$$00000001  mc_w.l(entry2.o)
    0x0800018c   0x0800018c   0x00000004   Code   RO        10541    .ARM.Collect$$$$00000004  mc_w.l(entry5.o)
    0x08000190   0x08000190   0x00000000   Code   RO        10543    .ARM.Collect$$$$00000008  mc_w.l(entry7b.o)
    0x08000190   0x08000190   0x00000000   Code   RO        10545    .ARM.Collect$$$$0000000A  mc_w.l(entry8b.o)
    0x08000190   0x08000190   0x00000008   Code   RO        10546    .ARM.Collect$$$$0000000B  mc_w.l(entry9a.o)
    0x08000198   0x08000198   0x00000004   Code   RO        10553    .ARM.Collect$$$$0000000E  mc_w.l(entry12b.o)
    0x0800019c   0x0800019c   0x00000000   Code   RO        10548    .ARM.Collect$$$$0000000F  mc_w.l(entry10a.o)
    0x0800019c   0x0800019c   0x00000000   Code   RO        10550    .ARM.Collect$$$$00000011  mc_w.l(entry11a.o)
    0x0800019c   0x0800019c   0x00000004   Code   RO        10539    .ARM.Collect$$$$00002712  mc_w.l(entry2.o)
    0x080001a0   0x080001a0   0x000000be   Code   RO         4543    .emb_text           port.o
    0x0800025e   0x0800025e   0x00000002   PAD
    0x08000260   0x08000260   0x00000024   Code   RO         4659    .text               startup_gd32f407.o
    0x08000284   0x08000284   0x00000024   Code   RO        10192    .text               mc_w.l(memcpya.o)
    0x080002a8   0x080002a8   0x00000024   Code   RO        10194    .text               mc_w.l(memseta.o)
    0x080002cc   0x080002cc   0x00000018   Code   RO        10196    .text               mc_w.l(strncpy.o)
    0x080002e4   0x080002e4   0x0000000e   Code   RO        10198    .text               mc_w.l(strlen.o)
    0x080002f2   0x080002f2   0x0000001c   Code   RO        10200    .text               mc_w.l(strcmp.o)
    0x0800030e   0x0800030e   0x00000012   Code   RO        10202    .text               mc_w.l(strcpy.o)
    0x08000320   0x08000320   0x0000014e   Code   RO        10495    .text               mf_w.l(dadd.o)
    0x0800046e   0x0800046e   0x000000e4   Code   RO        10497    .text               mf_w.l(dmul.o)
    0x08000552   0x08000552   0x000000de   Code   RO        10499    .text               mf_w.l(ddiv.o)
    0x08000630   0x08000630   0x00000022   Code   RO        10501    .text               mf_w.l(dflti.o)
    0x08000652   0x08000652   0x0000001a   Code   RO        10503    .text               mf_w.l(dfltui.o)
    0x0800066c   0x0800066c   0x00000032   Code   RO        10507    .text               mf_w.l(dfixui.o)
    0x0800069e   0x0800069e   0x00000026   Code   RO        10509    .text               mf_w.l(f2d.o)
    0x080006c4   0x080006c4   0x00000038   Code   RO        10511    .text               mf_w.l(d2f.o)
    0x080006fc   0x080006fc   0x0000002c   Code   RO        10555    .text               mc_w.l(uidiv.o)
    0x08000728   0x08000728   0x00000062   Code   RO        10557    .text               mc_w.l(uldiv.o)
    0x0800078a   0x0800078a   0x0000001e   Code   RO        10559    .text               mc_w.l(llshl.o)
    0x080007a8   0x080007a8   0x00000020   Code   RO        10561    .text               mc_w.l(llushr.o)
    0x080007c8   0x080007c8   0x00000024   Code   RO        10563    .text               mc_w.l(llsshr.o)
    0x080007ec   0x080007ec   0x00000000   Code   RO        10574    .text               mc_w.l(iusefp.o)
    0x080007ec   0x080007ec   0x0000006e   Code   RO        10575    .text               mf_w.l(fepilogue.o)
    0x0800085a   0x0800085a   0x000000ba   Code   RO        10577    .text               mf_w.l(depilogue.o)
    0x08000914   0x08000914   0x0000002e   Code   RO        10581    .text               mf_w.l(dscalb.o)
    0x08000942   0x08000942   0x000000a2   Code   RO        10583    .text               mf_w.l(dsqrt.o)
    0x080009e4   0x080009e4   0x00000030   Code   RO        10585    .text               mf_w.l(dfixul.o)
    0x08000a14   0x08000a14   0x00000030   Code   RO        10589    .text               mf_w.l(cdrcmple.o)
    0x08000a44   0x08000a44   0x00000024   Code   RO        10591    .text               mc_w.l(init.o)
    0x08000a68   0x08000a68   0x00000056   Code   RO        10601    .text               mc_w.l(__dczerorl2.o)
    0x08000abe   0x08000abe   0x00000002   PAD
    0x08000ac0   0x08000ac0   0x00000020   Code   RO         1651    i.BEEP_Control      beep.o
    0x08000ae0   0x08000ae0   0x0000003c   Code   RO         1652    i.BEEP_Init         beep.o
    0x08000b1c   0x08000b1c   0x0000000c   Code   RO         1756    i.BH1750_Get_Lx     bh1750.o
    0x08000b28   0x08000b28   0x00000024   Code   RO         1757    i.BH1750_Init       bh1750.o
    0x08000b4c   0x08000b4c   0x0000001a   Code   RO         1758    i.BH1750_Read       bh1750.o
    0x08000b66   0x08000b66   0x00000002   PAD
    0x08000b68   0x08000b68   0x00000048   Code   RO         1759    i.BH1750_Test       bh1750.o
    0x08000bb0   0x08000bb0   0x00000028   Code   RO         1653    i.Beep_Play_Music   beep.o
    0x08000bd8   0x08000bd8   0x00000038   Code   RO         1654    i.Beep_Play_Note    beep.o
    0x08000c10   0x08000c10   0x00000020   Code   RO         2281    i.Bkrc_Send_Cmd     speak.o
    0x08000c30   0x08000c30   0x00000002   Code   RO            3    i.BusFault_Handler  gd32f4xx_it.o
    0x08000c32   0x08000c32   0x00000002   PAD
    0x08000c34   0x08000c34   0x0000000c   Code   RO         2454    i.C1016_Clear_Rx_Buffer  c1016.o
    0x08000c40   0x08000c40   0x00000074   Code   RO         2455    i.C1016_Data_Verification  c1016.o
    0x08000cb4   0x08000cb4   0x00000190   Code   RO         2456    i.C1016_Enroll      c1016.o
    0x08000e44   0x08000e44   0x00000020   Code   RO         2457    i.C1016_INT_Init    c1016.o
    0x08000e64   0x08000e64   0x00000174   Code   RO         2458    i.C1016_Identify    c1016.o
    0x08000fd8   0x08000fd8   0x0000002c   Code   RO         2459    i.C1016_Init        c1016.o
    0x08001004   0x08001004   0x0000005c   Code   RO         2460    i.C1016_Print_Format_Ids  c1016.o
    0x08001060   0x08001060   0x00000010   Code   RO         2461    i.C1016_Read_INT    c1016.o
    0x08001070   0x08001070   0x00000018   Code   RO         2462    i.C1016_Send_Data   c1016.o
    0x08001088   0x08001088   0x000000b0   Code   RO         2463    i.C1016_SetColor    c1016.o
    0x08001138   0x08001138   0x0000000c   Code   RO         2464    i.C1016_UART_Init   c1016.o
    0x08001144   0x08001144   0x00000098   Code   RO         2465    i.C1016_cmd_Delete  c1016.o
    0x080011dc   0x080011dc   0x00000024   Code   RO         2466    i.C1016_cmd_Generate  c1016.o
    0x08001200   0x08001200   0x00000040   Code   RO         2467    i.C1016_cmd_search  c1016.o
    0x08001240   0x08001240   0x000000e4   Code   RO         2468    i.C1016_search_fingerprint  c1016.o
    0x08001324   0x08001324   0x00000034   Code   RO         1954    i.CH455G_Init       ch455g.o
    0x08001358   0x08001358   0x00000034   Code   RO         1955    i.CH455_Read        ch455g.o
    0x0800138c   0x0800138c   0x00000048   Code   RO         1956    i.CH455_Write       ch455g.o
    0x080013d4   0x080013d4   0x00000064   Code   RO         2116    i.CalulateCRC       rc522.o
    0x08001438   0x08001438   0x0000001a   Code   RO         2117    i.ClearBitMask      rc522.o
    0x08001452   0x08001452   0x00000002   PAD
    0x08001454   0x08001454   0x00000044   Code   RO         1716    i.Clicked           key.o
    0x08001498   0x08001498   0x00000044   Code   RO         1760    i.Cmd_Write_BH1750  bh1750.o
    0x080014dc   0x080014dc   0x00000034   Code   RO         1761    i.Convert_BH1750    bh1750.o
    0x08001510   0x08001510   0x00000040   Code   RO         2871    i.Corotation        step_motor.o
    0x08001550   0x08001550   0x00000058   Code   RO         2649    i.DHT11_Check       dht11.o
    0x080015a8   0x080015a8   0x00000014   Code   RO         2650    i.DHT11_GetHumidity  dht11.o
    0x080015bc   0x080015bc   0x00000014   Code   RO         2651    i.DHT11_GetTemperature  dht11.o
    0x080015d0   0x080015d0   0x0000002c   Code   RO         2652    i.DHT11_Hardware_Init  dht11.o
    0x080015fc   0x080015fc   0x0000000e   Code   RO         2653    i.DHT11_Init        dht11.o
    0x0800160a   0x0800160a   0x00000002   PAD
    0x0800160c   0x0800160c   0x00000058   Code   RO         2654    i.DHT11_Read_Bit    dht11.o
    0x08001664   0x08001664   0x0000001a   Code   RO         2655    i.DHT11_Read_Byte   dht11.o
    0x0800167e   0x0800167e   0x00000050   Code   RO         2656    i.DHT11_Read_Data   dht11.o
    0x080016ce   0x080016ce   0x00000002   PAD
    0x080016d0   0x080016d0   0x00000030   Code   RO         2657    i.DHT11_Rst         dht11.o
    0x08001700   0x08001700   0x00000010   Code   RO         2658    i.DHT11_Software_Init  dht11.o
    0x08001710   0x08001710   0x00000068   Code   RO         2659    i.DHT11_Test        dht11.o
    0x08001778   0x08001778   0x0000000c   Code   RO         2660    i.DHT11_Update      dht11.o
    0x08001784   0x08001784   0x00000020   Code   RO         2661    i.DQ_IN             dht11.o
    0x080017a4   0x080017a4   0x0000002c   Code   RO         2662    i.DQ_OUT            dht11.o
    0x080017d0   0x080017d0   0x0000005c   Code   RO         2765    i.DS18B20_CheckPresence  ds18b20.o
    0x0800182c   0x0800182c   0x0000005c   Code   RO         2766    i.DS18B20_GetTemperature  ds18b20.o
    0x08001888   0x08001888   0x00000034   Code   RO         2767    i.DS18B20_Initialize  ds18b20.o
    0x080018bc   0x080018bc   0x00000040   Code   RO         2768    i.DS18B20_ReadBit   ds18b20.o
    0x080018fc   0x080018fc   0x0000001e   Code   RO         2769    i.DS18B20_ReadByte  ds18b20.o
    0x0800191a   0x0800191a   0x00000024   Code   RO         2770    i.DS18B20_Reset     ds18b20.o
    0x0800193e   0x0800193e   0x00000002   PAD
    0x08001940   0x08001940   0x00000014   Code   RO         2771    i.DS18B20_SetPinAsOutput  ds18b20.o
    0x08001954   0x08001954   0x00000014   Code   RO         2772    i.DS18B20_SetPinInput  ds18b20.o
    0x08001968   0x08001968   0x00000010   Code   RO         2773    i.DS18B20_SetPinOutput  ds18b20.o
    0x08001978   0x08001978   0x0000001a   Code   RO         2774    i.DS18B20_StartConversion  ds18b20.o
    0x08001992   0x08001992   0x00000054   Code   RO         2775    i.DS18B20_WriteByte  ds18b20.o
    0x080019e6   0x080019e6   0x00000002   Code   RO            4    i.DebugMon_Handler  gd32f4xx_it.o
    0x080019e8   0x080019e8   0x00000054   Code   RO         1449    i.EXTI10_15_IRQHandler  exti.o
    0x08001a3c   0x08001a3c   0x00000060   Code   RO            5    i.EXTI2_IRQHandler  gd32f4xx_it.o
    0x08001a9c   0x08001a9c   0x00000060   Code   RO            6    i.EXTI3_IRQHandler  gd32f4xx_it.o
    0x08001afc   0x08001afc   0x00000014   Code   RO         3100    i.Fan_Init          fan.o
    0x08001b10   0x08001b10   0x00000018   Code   RO         3101    i.Fan_Set_Speed     fan.o
    0x08001b28   0x08001b28   0x0000004c   Code   RO         1818    i.GPIO_HX711_Init   hx711.o
    0x08001b74   0x08001b74   0x00000014   Code   RO         1958    i.Get_Key_Press_Count  ch455g.o
    0x08001b88   0x08001b88   0x00000010   Code   RO         1819    i.Get_Maopi         hx711.o
    0x08001b98   0x08001b98   0x00000040   Code   RO         1820    i.Get_Weight        hx711.o
    0x08001bd8   0x08001bd8   0x00000010   Code   RO         3225    i.HC595_Dat_Handle  _74hc595.o
    0x08001be8   0x08001be8   0x000000b4   Code   RO         3226    i.HC595_Init        _74hc595.o
    0x08001c9c   0x08001c9c   0x00000070   Code   RO         3227    i.HC595_Send_16Bit  _74hc595.o
    0x08001d0c   0x08001d0c   0x0000002a   Code   RO         2323    i.HMI_get_widget_val  usart_lcd.o
    0x08001d36   0x08001d36   0x00000046   Code   RO         2324    i.HMI_get_wight_string  usart_lcd.o
    0x08001d7c   0x08001d7c   0x00000026   Code   RO         2325    i.HMI_printf        usart_lcd.o
    0x08001da2   0x08001da2   0x00000002   PAD
    0x08001da4   0x08001da4   0x0000002c   Code   RO         2326    i.HMI_send_cmd      usart_lcd.o
    0x08001dd0   0x08001dd0   0x00000068   Code   RO         2327    i.HMI_send_curve    usart_lcd.o
    0x08001e38   0x08001e38   0x00000034   Code   RO         2328    i.HMI_send_string   usart_lcd.o
    0x08001e6c   0x08001e6c   0x00000034   Code   RO         2329    i.HMI_send_to_slider  usart_lcd.o
    0x08001ea0   0x08001ea0   0x0000005c   Code   RO         1821    i.HX711_Read        hx711.o
    0x08001efc   0x08001efc   0x00000002   Code   RO            7    i.HardFault_Handler  gd32f4xx_it.o
    0x08001efe   0x08001efe   0x00000040   Code   RO         1273    i.IIC_Ack           iic.o
    0x08001f3e   0x08001f3e   0x00000064   Code   RO         1274    i.IIC_Init          iic.o
    0x08001fa2   0x08001fa2   0x00000040   Code   RO         1277    i.IIC_NAck          iic.o
    0x08001fe2   0x08001fe2   0x00000062   Code   RO         1278    i.IIC_Read_Byte     iic.o
    0x08002044   0x08002044   0x00000066   Code   RO         1279    i.IIC_Send_Byte     iic.o
    0x080020aa   0x080020aa   0x00000046   Code   RO         1280    i.IIC_Start         iic.o
    0x080020f0   0x080020f0   0x00000042   Code   RO         1281    i.IIC_Stop          iic.o
    0x08002132   0x08002132   0x00000058   Code   RO         1282    i.IIC_Wait_Ack      iic.o
    0x0800218a   0x0800218a   0x00000002   PAD
    0x0800218c   0x0800218c   0x00000090   Code   RO         3551    i.Infrared_Distance_Get_Value  infrared_distance.o
    0x0800221c   0x0800221c   0x0000000c   Code   RO         3552    i.Infrared_Distance_Init  infrared_distance.o
    0x08002228   0x08002228   0x00000048   Code   RO         2118    i.InitRc522         rc522.o
    0x08002270   0x08002270   0x00000058   Code   RO         1717    i.KEY_Init          key.o
    0x080022c8   0x080022c8   0x000000f4   Code   RO         3325    i.LED595Init        nixie.o
    0x080023bc   0x080023bc   0x00000078   Code   RO         3326    i.LED595SendData    nixie.o
    0x08002434   0x08002434   0x00000078   Code   RO         1565    i.LED_Blink_Control  rgb_led.o
    0x080024ac   0x080024ac   0x0000005c   Code   RO         1566    i.LED_Breath        rgb_led.o
    0x08002508   0x08002508   0x0000002c   Code   RO         1567    i.LED_OFF           rgb_led.o
    0x08002534   0x08002534   0x00000014   Code   RO         1568    i.LED_Set_Color     rgb_led.o
    0x08002548   0x08002548   0x00000044   Code   RO         1569    i.LED_Set_Color_TimerPwm  rgb_led.o
    0x0800258c   0x0800258c   0x00000044   Code   RO         1570    i.LED_Set_Rgb       rgb_led.o
    0x080025d0   0x080025d0   0x0000002c   Code   RO         1571    i.LED_Stop_TimerPwm  rgb_led.o
    0x080025fc   0x080025fc   0x00000070   Code   RO         1572    i.LED_Test          rgb_led.o
    0x0800266c   0x0800266c   0x000000b0   Code   RO         1573    i.LED_TimerPwm_Callback  rgb_led.o
    0x0800271c   0x0800271c   0x0000006c   Code   RO         1574    i.LED_Timer_CreateOrRestart  rgb_led.o
    0x08002788   0x08002788   0x0000005a   Code   RO         2119    i.M500PcdConfigISOType  rc522.o
    0x080027e2   0x080027e2   0x00000002   PAD
    0x080027e4   0x080027e4   0x00000130   Code   RO         2009    i.MPU6050_Get_Angle  mpu6050.o
    0x08002914   0x08002914   0x00000024   Code   RO         2010    i.MPU6050_Hardware_Init  mpu6050.o
    0x08002938   0x08002938   0x0000000e   Code   RO         2011    i.MPU6050_Init      mpu6050.o
    0x08002946   0x08002946   0x0000000c   Code   RO         2012    i.MPU6050_Software_Init  mpu6050.o
    0x08002952   0x08002952   0x00000002   PAD
    0x08002954   0x08002954   0x00000240   Code   RO         2013    i.MPU6050_Test      mpu6050.o
    0x08002b94   0x08002b94   0x0000009c   Code   RO         2014    i.MPU_GetData       mpu6050.o
    0x08002c30   0x08002c30   0x00000044   Code   RO         2015    i.MPU_Get_Accelerometer  mpu6050.o
    0x08002c74   0x08002c74   0x00000044   Code   RO         2016    i.MPU_Get_Gyroscope  mpu6050.o
    0x08002cb8   0x08002cb8   0x00000060   Code   RO         2017    i.MPU_Get_Temperature  mpu6050.o
    0x08002d18   0x08002d18   0x00000072   Code   RO         2018    i.MPU_Init          mpu6050.o
    0x08002d8a   0x08002d8a   0x00000002   PAD
    0x08002d8c   0x08002d8c   0x00000054   Code   RO         2019    i.MPU_Read_Byte     mpu6050.o
    0x08002de0   0x08002de0   0x0000008c   Code   RO         2020    i.MPU_Read_Len      mpu6050.o
    0x08002e6c   0x08002e6c   0x0000000a   Code   RO         2021    i.MPU_Set_Accel_Fsr  mpu6050.o
    0x08002e76   0x08002e76   0x0000000a   Code   RO         2022    i.MPU_Set_Gyro_Fsr  mpu6050.o
    0x08002e80   0x08002e80   0x00000030   Code   RO         2023    i.MPU_Set_LPF       mpu6050.o
    0x08002eb0   0x08002eb0   0x0000002c   Code   RO         2024    i.MPU_Set_Rate      mpu6050.o
    0x08002edc   0x08002edc   0x0000005c   Code   RO         2025    i.MPU_Write_Byte    mpu6050.o
    0x08002f38   0x08002f38   0x0000002c   Code   RO         3228    i.Matrix_Display_Clear  _74hc595.o
    0x08002f64   0x08002f64   0x0000005c   Code   RO         3229    i.Matrix_Display_CountDown_99_Blocking  _74hc595.o
    0x08002fc0   0x08002fc0   0x00000060   Code   RO         3230    i.Matrix_Display_CountUp_99_Blocking  _74hc595.o
    0x08003020   0x08003020   0x00000044   Code   RO         3231    i.Matrix_Display_CountUp_Blocking_9  _74hc595.o
    0x08003064   0x08003064   0x00000044   Code   RO         3232    i.Matrix_Display_Count_Down_Blocking_9  _74hc595.o
    0x080030a8   0x080030a8   0x00000018   Code   RO         3233    i.Matrix_Display_Img  _74hc595.o
    0x080030c0   0x080030c0   0x000000c0   Code   RO         3234    i.Matrix_Display_Scroll  _74hc595.o
    0x08003180   0x08003180   0x00000038   Code   RO         3235    i.Matrix_Display_Static  _74hc595.o
    0x080031b8   0x080031b8   0x00000002   Code   RO            8    i.MemManage_Handler  gd32f4xx_it.o
    0x080031ba   0x080031ba   0x00000002   Code   RO            9    i.NMI_Handler       gd32f4xx_it.o
    0x080031bc   0x080031bc   0x00000030   Code   RO         3327    i.Nixie_Count_Down_Blocking  nixie.o
    0x080031ec   0x080031ec   0x00000032   Code   RO         3328    i.Nixie_Count_Up_Blocking  nixie.o
    0x0800321e   0x0800321e   0x00000002   PAD
    0x08003220   0x08003220   0x00000028   Code   RO         3329    i.Nixie_Off         nixie.o
    0x08003248   0x08003248   0x00000058   Code   RO         3330    i.Nixie_Select_One  nixie.o
    0x080032a0   0x080032a0   0x0000005c   Code   RO         3332    i.Nixie_ShowNum     nixie.o
    0x080032fc   0x080032fc   0x0000003c   Code   RO         1864    i.OLED_Clear        oled.o
    0x08003338   0x08003338   0x00000044   Code   RO         1865    i.OLED_DrawBMP      oled.o
    0x0800337c   0x0800337c   0x0000006c   Code   RO         1866    i.OLED_DrawFont16   oled.o
    0x080033e8   0x080033e8   0x00000078   Code   RO         1867    i.OLED_DrawFont32   oled.o
    0x08003460   0x08003460   0x00000024   Code   RO         1868    i.OLED_Hardware_Init  oled.o
    0x08003484   0x08003484   0x00000114   Code   RO         1869    i.OLED_Init         oled.o
    0x08003598   0x08003598   0x00000056   Code   RO         1870    i.OLED_Print        oled.o
    0x080035ee   0x080035ee   0x00000028   Code   RO         1871    i.OLED_Set_Pos      oled.o
    0x08003616   0x08003616   0x00000002   PAD
    0x08003618   0x08003618   0x0000005c   Code   RO         1872    i.OLED_ShowChar     oled.o
    0x08003674   0x08003674   0x00000064   Code   RO         1873    i.OLED_ShowInt32Num  oled.o
    0x080036d8   0x080036d8   0x0000004e   Code   RO         1874    i.OLED_ShowString   oled.o
    0x08003726   0x08003726   0x000000be   Code   RO         1875    i.OLED_Show_Str     oled.o
    0x080037e4   0x080037e4   0x00000044   Code   RO         1876    i.OLED_WR_Byte      oled.o
    0x08003828   0x08003828   0x00000008   Code   RO         2120    i.PcdAntennaOff     rc522.o
    0x08003830   0x08003830   0x0000001a   Code   RO         2121    i.PcdAntennaOn      rc522.o
    0x0800384a   0x0800384a   0x0000006c   Code   RO         2122    i.PcdAnticoll       rc522.o
    0x080038b6   0x080038b6   0x00000042   Code   RO         2123    i.PcdAuthState      rc522.o
    0x080038f8   0x080038f8   0x00000120   Code   RO         2124    i.PcdComMF522       rc522.o
    0x08003a18   0x08003a18   0x0000004c   Code   RO         2126    i.PcdRead           rc522.o
    0x08003a64   0x08003a64   0x00000052   Code   RO         2127    i.PcdRequest        rc522.o
    0x08003ab6   0x08003ab6   0x00000052   Code   RO         2128    i.PcdReset          rc522.o
    0x08003b08   0x08003b08   0x00000064   Code   RO         2129    i.PcdSelect         rc522.o
    0x08003b6c   0x08003b6c   0x00000088   Code   RO         2130    i.PcdWrite          rc522.o
    0x08003bf4   0x08003bf4   0x00000048   Code   RO         1655    i.Play_Db           beep.o
    0x08003c3c   0x08003c3c   0x00000038   Code   RO         1656    i.Play_Sound        beep.o
    0x08003c74   0x08003c74   0x00000058   Code   RO         2131    i.RC522_RD_Reg      rc522.o
    0x08003ccc   0x08003ccc   0x000001d8   Code   RO         2132    i.RC522_Read        rc522.o
    0x08003ea4   0x08003ea4   0x00000048   Code   RO         2133    i.RC522_WR_Reg      rc522.o
    0x08003eec   0x08003eec   0x0000022c   Code   RO         2134    i.RC522_Write       rc522.o
    0x08004118   0x08004118   0x00000088   Code   RO         1575    i.RGB_LED_Init      rgb_led.o
    0x080041a0   0x080041a0   0x00000008   Code   RO         2135    i.ReadRawRC         rc522.o
    0x080041a8   0x080041a8   0x00000048   Code   RO         1762    i.Read_BH1750       bh1750.o
    0x080041f0   0x080041f0   0x0000004c   Code   RO         1959    i.Read_Keyboard     ch455g.o
    0x0800423c   0x0800423c   0x00000040   Code   RO         2872    i.Reverse           step_motor.o
    0x0800427c   0x0800427c   0x0000001a   Code   RO         1283    i.SDA_IN            iic.o
    0x08004296   0x08004296   0x0000002e   Code   RO         1284    i.SDA_OUT           iic.o
    0x080042c4   0x080042c4   0x0000000c   Code   RO         2873    i.STOP              step_motor.o
    0x080042d0   0x080042d0   0x00000014   Code   RO         3481    i.Servo_Init        servo.o
    0x080042e4   0x080042e4   0x00000020   Code   RO         3482    i.Servo_Set_Angle   servo.o
    0x08004304   0x08004304   0x0000001a   Code   RO         2137    i.SetBitMask        rc522.o
    0x0800431e   0x0800431e   0x00000018   Code   RO         1763    i.Start_BH1750      bh1750.o
    0x08004336   0x08004336   0x00000002   PAD
    0x08004338   0x08004338   0x000000a8   Code   RO         2874    i.Step_Hardware_Init  step_motor.o
    0x080043e0   0x080043e0   0x0000002c   Code   RO         4544    i.SysTick_Handler   port.o
    0x0800440c   0x0800440c   0x00000070   Code   RO         4617    i.SystemInit        system_gd32f4xx.o
    0x0800447c   0x0800447c   0x0000002c   Code   RO          579    i.TASK10_Thread     button_callback.o
    0x080044a8   0x080044a8   0x0000010c   Code   RO          580    i.TASK11_Thread     button_callback.o
    0x080045b4   0x080045b4   0x00000034   Code   RO          581    i.TASK12_Thread     button_callback.o
    0x080045e8   0x080045e8   0x00000080   Code   RO          582    i.TASK13_Thread     button_callback.o
    0x08004668   0x08004668   0x00000014   Code   RO          583    i.TASK14_Thread     button_callback.o
    0x0800467c   0x0800467c   0x00000034   Code   RO          584    i.TASK15_Thread     button_callback.o
    0x080046b0   0x080046b0   0x000000f4   Code   RO          585    i.TASK16_Thread     button_callback.o
    0x080047a4   0x080047a4   0x00000060   Code   RO          586    i.TASK17_Thread     button_callback.o
    0x08004804   0x08004804   0x00000058   Code   RO          587    i.TASK18_Thread     button_callback.o
    0x0800485c   0x0800485c   0x000000ac   Code   RO          588    i.TASK19_Thread     button_callback.o
    0x08004908   0x08004908   0x00000070   Code   RO          589    i.TASK1_Thread      button_callback.o
    0x08004978   0x08004978   0x000000a8   Code   RO          590    i.TASK20_Thread     button_callback.o
    0x08004a20   0x08004a20   0x00000020   Code   RO          591    i.TASK2_Thread      button_callback.o
    0x08004a40   0x08004a40   0x00000038   Code   RO          592    i.TASK3_Thread      button_callback.o
    0x08004a78   0x08004a78   0x000000e0   Code   RO          593    i.TASK4_Thread      button_callback.o
    0x08004b58   0x08004b58   0x00000104   Code   RO          594    i.TASK5_Thread      button_callback.o
    0x08004c5c   0x08004c5c   0x000000d8   Code   RO          595    i.TASK6_Thread      button_callback.o
    0x08004d34   0x08004d34   0x000000cc   Code   RO          596    i.TASK7_Thread      button_callback.o
    0x08004e00   0x08004e00   0x00000020   Code   RO          597    i.TASK8_Thread      button_callback.o
    0x08004e20   0x08004e20   0x00000024   Code   RO          598    i.TASK9_Thread      button_callback.o
    0x08004e44   0x08004e44   0x00000028   Code   RO           10    i.TIMER1_IRQHandler  gd32f4xx_it.o
    0x08004e6c   0x08004e6c   0x00000062   Code   RO         1411    i.TIMER1_init       timer.o
    0x08004ece   0x08004ece   0x00000002   PAD
    0x08004ed0   0x08004ed0   0x000000a0   Code   RO           11    i.TIMER3_IRQHandler  gd32f4xx_it.o
    0x08004f70   0x08004f70   0x00000070   Code   RO         1412    i.TIMER3_init       timer.o
    0x08004fe0   0x08004fe0   0x00000098   Code   RO         1413    i.TIMER4_init       timer.o
    0x08005078   0x08005078   0x00000002   Code   RO           12    i.USART0_IRQHandler  gd32f4xx_it.o
    0x0800507a   0x0800507a   0x00000002   PAD
    0x0800507c   0x0800507c   0x00000068   Code   RO           13    i.USART1_IRQHandler  gd32f4xx_it.o
    0x080050e4   0x080050e4   0x00000094   Code   RO           14    i.USART2_IRQHandler  gd32f4xx_it.o
    0x08005178   0x08005178   0x00000054   Code   RO           15    i.USART5_IRQHandler  gd32f4xx_it.o
    0x080051cc   0x080051cc   0x000000c0   Code   RO         1363    i.USART_Init        usart.o
    0x0800528c   0x0800528c   0x0000002e   Code   RO         1364    i.USART_Send_Buff   usart.o
    0x080052ba   0x080052ba   0x00000006   Code   RO         1365    i.USART_Send_Byte   usart.o
    0x080052c0   0x080052c0   0x00000028   Code   RO          448    i.UartProcessTask   main.o
    0x080052e8   0x080052e8   0x00000068   Code   RO         3166    i.Ultrasonic_Get_Cm  ultrasonic.o
    0x08005350   0x08005350   0x00000030   Code   RO         3167    i.Ultrasonic_Hardware_Init  ultrasonic.o
    0x08005380   0x08005380   0x0000000e   Code   RO         3168    i.Ultrasonic_Init   ultrasonic.o
    0x0800538e   0x0800538e   0x00000002   PAD
    0x08005390   0x08005390   0x0000002c   Code   RO         3169    i.Ultrasonic_Send_Pulse  ultrasonic.o
    0x080053bc   0x080053bc   0x00000012   Code   RO         3170    i.Ultrasonic_Software_Init  ultrasonic.o
    0x080053ce   0x080053ce   0x00000002   PAD
    0x080053d0   0x080053d0   0x00000084   Code   RO         3171    i.Ultrasonic_Test   ultrasonic.o
    0x08005454   0x08005454   0x00000002   Code   RO           16    i.UsageFault_Handler  gd32f4xx_it.o
    0x08005456   0x08005456   0x00000002   PAD
    0x08005458   0x08005458   0x00000184   Code   RO         2282    i.VoiceAnnouncementDigit  speak.o
    0x080055dc   0x080055dc   0x00000024   Code   RO         2283    i.Voice_Drive       speak.o
    0x08005600   0x08005600   0x00000044   Code   RO         2284    i.Voice_Init        speak.o
    0x08005644   0x08005644   0x0000000a   Code   RO         2139    i.WriteRawRC        rc522.o
    0x0800564e   0x0800564e   0x00000002   PAD
    0x08005650   0x08005650   0x00000020   Code   RO        10439    i.__0printf         mc_w.l(printfa.o)
    0x08005670   0x08005670   0x00000034   Code   RO        10440    i.__0snprintf       mc_w.l(printfa.o)
    0x080056a4   0x080056a4   0x00000028   Code   RO        10441    i.__0sprintf        mc_w.l(printfa.o)
    0x080056cc   0x080056cc   0x00000034   Code   RO        10444    i.__0vsnprintf      mc_w.l(printfa.o)
    0x08005700   0x08005700   0x00000030   Code   RO        10533    i.__ARM_fpclassify  m_wm.l(fpclassify.o)
    0x08005730   0x08005730   0x000002d8   Code   RO        10137    i.__hardfp_atan     m_wm.l(atan.o)
    0x08005a08   0x08005a08   0x00000c50   Code   RO        10163    i.__hardfp_pow      m_wm.l(pow.o)
    0x08006658   0x08006658   0x0000007a   Code   RO        10177    i.__hardfp_sqrt     m_wm.l(sqrt.o)
    0x080066d2   0x080066d2   0x000000f8   Code   RO        10535    i.__kernel_poly     m_wm.l(poly.o)
    0x080067ca   0x080067ca   0x00000006   PAD
    0x080067d0   0x080067d0   0x00000030   Code   RO        10513    i.__mathlib_dbl_divzero  m_wm.l(dunder.o)
    0x08006800   0x08006800   0x00000014   Code   RO        10514    i.__mathlib_dbl_infnan  m_wm.l(dunder.o)
    0x08006814   0x08006814   0x00000014   Code   RO        10515    i.__mathlib_dbl_infnan2  m_wm.l(dunder.o)
    0x08006828   0x08006828   0x00000020   Code   RO        10516    i.__mathlib_dbl_invalid  m_wm.l(dunder.o)
    0x08006848   0x08006848   0x00000020   Code   RO        10517    i.__mathlib_dbl_overflow  m_wm.l(dunder.o)
    0x08006868   0x08006868   0x00000020   Code   RO        10519    i.__mathlib_dbl_underflow  m_wm.l(dunder.o)
    0x08006888   0x08006888   0x0000000e   Code   RO        10595    i.__scatterload_copy  mc_w.l(handlers.o)
    0x08006896   0x08006896   0x00000002   Code   RO        10596    i.__scatterload_null  mc_w.l(handlers.o)
    0x08006898   0x08006898   0x0000000e   Code   RO        10597    i.__scatterload_zeroinit  mc_w.l(handlers.o)
    0x080068a6   0x080068a6   0x00000002   PAD
    0x080068a8   0x080068a8   0x0000000c   Code   RO        10569    i.__set_errno       mc_w.l(errno.o)
    0x080068b4   0x080068b4   0x00000184   Code   RO        10446    i._fp_digits        mc_w.l(printfa.o)
    0x08006a38   0x08006a38   0x000006b4   Code   RO        10447    i._printf_core      mc_w.l(printfa.o)
    0x080070ec   0x080070ec   0x00000024   Code   RO        10448    i._printf_post_padding  mc_w.l(printfa.o)
    0x08007110   0x08007110   0x0000002e   Code   RO        10449    i._printf_pre_padding  mc_w.l(printfa.o)
    0x0800713e   0x0800713e   0x00000016   Code   RO        10450    i._snputc           mc_w.l(printfa.o)
    0x08007154   0x08007154   0x0000000a   Code   RO        10451    i._sputc            mc_w.l(printfa.o)
    0x0800715e   0x0800715e   0x0000001e   Code   RO         4665    i.adc_calibration_enable  gd32f4xx_adc.o
    0x0800717c   0x0800717c   0x00000042   Code   RO         4667    i.adc_channel_length_config  gd32f4xx_adc.o
    0x080071be   0x080071be   0x00000002   PAD
    0x080071c0   0x080071c0   0x00000018   Code   RO         4668    i.adc_clock_config  gd32f4xx_adc.o
    0x080071d8   0x080071d8   0x00000018   Code   RO         4669    i.adc_data_alignment_config  gd32f4xx_adc.o
    0x080071f0   0x080071f0   0x00000016   Code   RO         4670    i.adc_deinit        gd32f4xx_adc.o
    0x08007206   0x08007206   0x00000010   Code   RO         4677    i.adc_enable        gd32f4xx_adc.o
    0x08007216   0x08007216   0x0000002c   Code   RO         4679    i.adc_external_trigger_config  gd32f4xx_adc.o
    0x08007242   0x08007242   0x00000028   Code   RO         4680    i.adc_external_trigger_source_config  gd32f4xx_adc.o
    0x0800726a   0x0800726a   0x00000008   Code   RO         4681    i.adc_flag_clear    gd32f4xx_adc.o
    0x08007272   0x08007272   0x0000000e   Code   RO         4682    i.adc_flag_get      gd32f4xx_adc.o
    0x08007280   0x08007280   0x0000001a   Code   RO         1475    i.adc_init          adc.o
    0x0800729a   0x0800729a   0x00000060   Code   RO         1476    i.adc_periph_config  adc.o
    0x080072fa   0x080072fa   0x0000007e   Code   RO         4694    i.adc_regular_channel_config  gd32f4xx_adc.o
    0x08007378   0x08007378   0x00000006   Code   RO         4695    i.adc_regular_data_read  gd32f4xx_adc.o
    0x0800737e   0x0800737e   0x00000036   Code   RO         1477    i.adc_sample        adc.o
    0x080073b4   0x080073b4   0x0000001c   Code   RO         4698    i.adc_software_trigger_enable  gd32f4xx_adc.o
    0x080073d0   0x080073d0   0x00000050   Code   RO         4699    i.adc_special_function_config  gd32f4xx_adc.o
    0x08007420   0x08007420   0x00000018   Code   RO         4704    i.adc_sync_mode_config  gd32f4xx_adc.o
    0x08007438   0x08007438   0x000000d4   Code   RO          599    i.bkrc_callback     button_callback.o
    0x0800750c   0x0800750c   0x00000094   Code   RO          600    i.button_callback   button_callback.o
    0x080075a0   0x080075a0   0x0000013c   Code   RO         2469    i.capture_fingerprint_image  c1016.o
    0x080076dc   0x080076dc   0x000000f0   Code   RO         2470    i.check_id_registered  c1016.o
    0x080077cc   0x080077cc   0x0000000e   Code   RO          502    i.delay_1ms         systick.o
    0x080077da   0x080077da   0x00000002   PAD
    0x080077dc   0x080077dc   0x000000c0   Code   RO          503    i.delay_1us         systick.o
    0x0800789c   0x0800789c   0x00000024   Code   RO         2663    i.dht11_delay_us    dht11.o
    0x080078c0   0x080078c0   0x00000024   Code   RO         2776    i.ds18b20_delay_us  ds18b20.o
    0x080078e4   0x080078e4   0x00000070   Code   RO         4018    i.eTaskGetState     tasks.o
    0x08007954   0x08007954   0x00000036   Code   RO         2935    i.encoder_init      motor.o
    0x0800798a   0x0800798a   0x00000002   PAD
    0x0800798c   0x0800798c   0x00000074   Code   RO         6769    i.exti_init         gd32f4xx_exti.o
    0x08007a00   0x08007a00   0x0000000c   Code   RO         6772    i.exti_interrupt_flag_clear  gd32f4xx_exti.o
    0x08007a0c   0x08007a0c   0x00000020   Code   RO         6773    i.exti_interrupt_flag_get  gd32f4xx_exti.o
    0x08007a2c   0x08007a2c   0x00000018   Code   RO        10529    i.fabs              m_wm.l(fabs.o)
    0x08007a44   0x08007a44   0x00000024   Code   RO          449    i.fputc             main.o
    0x08007a68   0x08007a68   0x00000050   Code   RO        10467    i.free              mc_w.l(malloc.o)
    0x08007ab8   0x08007ab8   0x0000001a   Code   RO         2330    i.free_lcd_data     usart_lcd.o
    0x08007ad2   0x08007ad2   0x00000002   PAD
    0x08007ad4   0x08007ad4   0x00000070   Code   RO          450    i.freertos_init     main.o
    0x08007b44   0x08007b44   0x0000003c   Code   RO         1193    i.get_days_in_month  rtc.o
    0x08007b80   0x08007b80   0x00000030   Code   RO         2936    i.get_motor_speed   motor.o
    0x08007bb0   0x08007bb0   0x00000064   Code   RO         7124    i.gpio_af_set       gd32f4xx_gpio.o
    0x08007c14   0x08007c14   0x00000004   Code   RO         7125    i.gpio_bit_reset    gd32f4xx_gpio.o
    0x08007c18   0x08007c18   0x00000004   Code   RO         7126    i.gpio_bit_set      gd32f4xx_gpio.o
    0x08007c1c   0x08007c1c   0x0000000c   Code   RO         7128    i.gpio_bit_write    gd32f4xx_gpio.o
    0x08007c28   0x08007c28   0x0000000c   Code   RO         1478    i.gpio_config       adc.o
    0x08007c34   0x08007c34   0x0000000e   Code   RO         7130    i.gpio_input_bit_get  gd32f4xx_gpio.o
    0x08007c42   0x08007c42   0x00000048   Code   RO         7132    i.gpio_mode_set     gd32f4xx_gpio.o
    0x08007c8a   0x08007c8a   0x00000046   Code   RO         7134    i.gpio_output_options_set  gd32f4xx_gpio.o
    0x08007cd0   0x08007cd0   0x00000028   Code   RO          451    i.hardware_init     main.o
    0x08007cf8   0x08007cf8   0x00000026   Code   RO         1194    i.is_leap_year      rtc.o
    0x08007d1e   0x08007d1e   0x00000002   PAD
    0x08007d20   0x08007d20   0x0000004c   Code   RO          601    i.key_callback      button_callback.o
    0x08007d6c   0x08007d6c   0x000000b4   Code   RO          602    i.keyboard_callback  button_callback.o
    0x08007e20   0x08007e20   0x0000000a   Code   RO          452    i.main              main.o
    0x08007e2a   0x08007e2a   0x00000002   PAD
    0x08007e2c   0x08007e2c   0x0000006c   Code   RO        10468    i.malloc            mc_w.l(malloc.o)
    0x08007e98   0x08007e98   0x0000004c   Code   RO         2331    i.map_val_to_255    usart_lcd.o
    0x08007ee4   0x08007ee4   0x0000011c   Code   RO         2471    i.merge_fingerprint_images  c1016.o
    0x08008000   0x08008000   0x00000044   Code   RO         2937    i.motor_gpio_init   motor.o
    0x08008044   0x08008044   0x00000012   Code   RO         2938    i.motor_init        motor.o
    0x08008056   0x08008056   0x00000002   PAD
    0x08008058   0x08008058   0x000000bc   Code   RO         2939    i.motor_timer_init  motor.o
    0x08008114   0x08008114   0x0000004c   Code   RO         1450    i.my_EXTI_Init      exti.o
    0x08008160   0x08008160   0x00000024   Code   RO         2333    i.my_strdup         usart_lcd.o
    0x08008184   0x08008184   0x0000009c   Code   RO         7700    i.nvic_irq_enable   gd32f4xx_misc.o
    0x08008220   0x08008220   0x00000014   Code   RO         7701    i.nvic_priority_group_set  gd32f4xx_misc.o
    0x08008234   0x08008234   0x000000cc   Code   RO         2334    i.parse_lcd_number_data  usart_lcd.o
    0x08008300   0x08008300   0x000000f0   Code   RO         2335    i.parse_lcd_string_data  usart_lcd.o
    0x080083f0   0x080083f0   0x00000078   Code   RO           17    i.process_usart2_received_data  gd32f4xx_it.o
    0x08008468   0x08008468   0x0000008c   Code   RO         4020    i.prvAddCurrentTaskToDelayedList  tasks.o
    0x080084f4   0x080084f4   0x000000a8   Code   RO         4021    i.prvAddNewTaskToReadyList  tasks.o
    0x0800859c   0x0800859c   0x00000040   Code   RO         4335    i.prvCheckForValidListAndQueue  timers.o
    0x080085dc   0x080085dc   0x0000003c   Code   RO         4022    i.prvCheckTasksWaitingTermination  tasks.o
    0x08008618   0x08008618   0x00000028   Code   RO         3877    i.prvCopyDataFromQueue  queue.o
    0x08008640   0x08008640   0x0000005c   Code   RO         3878    i.prvCopyDataToQueue  queue.o
    0x0800869c   0x0800869c   0x00000014   Code   RO         4023    i.prvDeleteTCB      tasks.o
    0x080086b0   0x080086b0   0x00000024   Code   RO         4336    i.prvGetNextExpireTime  timers.o
    0x080086d4   0x080086d4   0x00000048   Code   RO         4482    i.prvHeapInit       heap_4.o
    0x0800871c   0x0800871c   0x00000028   Code   RO         4024    i.prvIdleTask       tasks.o
    0x08008744   0x08008744   0x00000018   Code   RO         3879    i.prvInitialiseNewQueue  queue.o
    0x0800875c   0x0800875c   0x0000006e   Code   RO         4025    i.prvInitialiseNewTask  tasks.o
    0x080087ca   0x080087ca   0x00000038   Code   RO         4337    i.prvInitialiseNewTimer  timers.o
    0x08008802   0x08008802   0x00000002   PAD
    0x08008804   0x08008804   0x00000058   Code   RO         4026    i.prvInitialiseTaskLists  tasks.o
    0x0800885c   0x0800885c   0x00000054   Code   RO         4483    i.prvInsertBlockIntoFreeList  heap_4.o
    0x080088b0   0x080088b0   0x00000040   Code   RO         4338    i.prvInsertTimerInActiveList  timers.o
    0x080088f0   0x080088f0   0x0000001a   Code   RO         3880    i.prvIsQueueEmpty   queue.o
    0x0800890a   0x0800890a   0x0000001e   Code   RO         3881    i.prvIsQueueFull    queue.o
    0x08008928   0x08008928   0x00000040   Code   RO         4339    i.prvProcessExpiredTimer  timers.o
    0x08008968   0x08008968   0x000000d0   Code   RO         4340    i.prvProcessReceivedCommands  timers.o
    0x08008a38   0x08008a38   0x0000006c   Code   RO         4341    i.prvProcessTimerOrBlockTask  timers.o
    0x08008aa4   0x08008aa4   0x00000028   Code   RO         4342    i.prvReloadTimer    timers.o
    0x08008acc   0x08008acc   0x00000020   Code   RO         4027    i.prvResetNextTaskUnblockTime  tasks.o
    0x08008aec   0x08008aec   0x0000002c   Code   RO         4343    i.prvSampleTimeNow  timers.o
    0x08008b18   0x08008b18   0x0000002c   Code   RO         4344    i.prvSwitchTimerLists  timers.o
    0x08008b44   0x08008b44   0x00000010   Code   RO         4545    i.prvTaskExitError  port.o
    0x08008b54   0x08008b54   0x00000020   Code   RO         4028    i.prvTaskIsTaskSuspended  tasks.o
    0x08008b74   0x08008b74   0x00000014   Code   RO         4345    i.prvTimerTask      timers.o
    0x08008b88   0x08008b88   0x0000006a   Code   RO         3882    i.prvUnlockQueue    queue.o
    0x08008bf2   0x08008bf2   0x00000002   PAD
    0x08008bf4   0x08008bf4   0x000000a0   Code   RO         4485    i.pvPortMalloc      heap_4.o
    0x08008c94   0x08008c94   0x00000038   Code   RO         1414    i.pwm_gpio_config   timer.o
    0x08008ccc   0x08008ccc   0x00000024   Code   RO         4546    i.pxPortInitialiseStack  port.o
    0x08008cf0   0x08008cf0   0x00000030   Code   RO          603    i.rc522_log_callback  button_callback.o
    0x08008d20   0x08008d20   0x000000d0   Code   RO         7899    i.rcu_clock_freq_get  gd32f4xx_rcu.o
    0x08008df0   0x08008df0   0x0000001a   Code   RO         1479    i.rcu_config        adc.o
    0x08008e0a   0x08008e0a   0x00000002   PAD
    0x08008e0c   0x08008e0c   0x00000020   Code   RO         7918    i.rcu_periph_clock_enable  gd32f4xx_rcu.o
    0x08008e2c   0x08008e2c   0x00000020   Code   RO         7921    i.rcu_periph_reset_disable  gd32f4xx_rcu.o
    0x08008e4c   0x08008e4c   0x00000020   Code   RO         7922    i.rcu_periph_reset_enable  gd32f4xx_rcu.o
    0x08008e6c   0x08008e6c   0x00000020   Code   RO         7934    i.rcu_timer_clock_prescaler_config  gd32f4xx_rcu.o
    0x08008e8c   0x08008e8c   0x00000058   Code   RO         1718    i.read_all_keys     key.o
    0x08008ee4   0x08008ee4   0x00000080   Code   RO         1719    i.read_key          key.o
    0x08008f64   0x08008f64   0x00000070   Code   RO         1195    i.rtc_clock_config  rtc.o
    0x08008fd4   0x08008fd4   0x00000010   Code   RO         1196    i.rtc_get_time      rtc.o
    0x08008fe4   0x08008fe4   0x000000d4   Code   RO         2472    i.save_fingerprint_image  c1016.o
    0x080090b8   0x080090b8   0x0000012c   Code   RO         2473    i.save_fingerprint_template  c1016.o
    0x080091e4   0x080091e4   0x0000005c   Code   RO         2940    i.set_motor_speed   motor.o
    0x08009240   0x08009240   0x0000007c   Code   RO         2875    i.set_step          step_motor.o
    0x080092bc   0x080092bc   0x0000006e   Code   RO        10179    i.sqrt              m_wm.l(sqrt.o)
    0x0800932a   0x0800932a   0x00000002   PAD
    0x0800932c   0x0800932c   0x0000036c   Code   RO          555    i.start_task        task_manager.o
    0x08009698   0x08009698   0x0000001c   Code   RO         2876    i.step_delay        step_motor.o
    0x080096b4   0x080096b4   0x00000018   Code   RO         2877    i.step_motor_set_speed  step_motor.o
    0x080096cc   0x080096cc   0x00000230   Code   RO          556    i.stop_task         task_manager.o
    0x080098fc   0x080098fc   0x00000068   Code   RO         8995    i.syscfg_exti_line_config  gd32f4xx_syscfg.o
    0x08009964   0x08009964   0x000000a8   Code   RO         4618    i.system_clock_168m_16m_hxtal  system_gd32f4xx.o
    0x08009a0c   0x08009a0c   0x00000004   Code   RO         4619    i.system_clock_config  system_gd32f4xx.o
    0x08009a10   0x08009a10   0x0000001c   Code   RO         7705    i.systick_clksource_set  gd32f4xx_misc.o
    0x08009a2c   0x08009a2c   0x00000008   Code   RO          504    i.systick_config    systick.o
    0x08009a34   0x08009a34   0x00000040   Code   RO          604    i.task10_releases   button_callback.o
    0x08009a74   0x08009a74   0x00000034   Code   RO          605    i.task11_releases   button_callback.o
    0x08009aa8   0x08009aa8   0x00000034   Code   RO          606    i.task12_releases   button_callback.o
    0x08009adc   0x08009adc   0x00000034   Code   RO          607    i.task13_releases   button_callback.o
    0x08009b10   0x08009b10   0x0000003c   Code   RO          608    i.task14_releases   button_callback.o
    0x08009b4c   0x08009b4c   0x0000000c   Code   RO          609    i.task15_corotation  button_callback.o
    0x08009b58   0x08009b58   0x0000003c   Code   RO          610    i.task15_releases   button_callback.o
    0x08009b94   0x08009b94   0x0000000c   Code   RO          611    i.task15_reversal   button_callback.o
    0x08009ba0   0x08009ba0   0x00000034   Code   RO          612    i.task16_releases   button_callback.o
    0x08009bd4   0x08009bd4   0x00000044   Code   RO          613    i.task17_key_callback  button_callback.o
    0x08009c18   0x08009c18   0x00000034   Code   RO          614    i.task17_releases   button_callback.o
    0x08009c4c   0x08009c4c   0x00000034   Code   RO          615    i.task18_releases   button_callback.o
    0x08009c80   0x08009c80   0x00000040   Code   RO          616    i.task19_releases   button_callback.o
    0x08009cc0   0x08009cc0   0x00000048   Code   RO          617    i.task1_releases    button_callback.o
    0x08009d08   0x08009d08   0x00000034   Code   RO          618    i.task20_releases   button_callback.o
    0x08009d3c   0x08009d3c   0x00000048   Code   RO          619    i.task2_releases    button_callback.o
    0x08009d84   0x08009d84   0x0000003c   Code   RO          620    i.task3_releases    button_callback.o
    0x08009dc0   0x08009dc0   0x00000048   Code   RO          621    i.task4_releases    button_callback.o
    0x08009e08   0x08009e08   0x00000034   Code   RO          622    i.task5_releases    button_callback.o
    0x08009e3c   0x08009e3c   0x0000003c   Code   RO          623    i.task6_releases    button_callback.o
    0x08009e78   0x08009e78   0x0000003c   Code   RO          624    i.task7_releases    button_callback.o
    0x08009eb4   0x08009eb4   0x0000002c   Code   RO          625    i.task8_read_card   button_callback.o
    0x08009ee0   0x08009ee0   0x00000034   Code   RO          626    i.task8_releases    button_callback.o
    0x08009f14   0x08009f14   0x00000034   Code   RO          627    i.task8_write_card  button_callback.o
    0x08009f48   0x08009f48   0x00000050   Code   RO          628    i.task9_delete      button_callback.o
    0x08009f98   0x08009f98   0x0000000c   Code   RO          629    i.task9_enroll      button_callback.o
    0x08009fa4   0x08009fa4   0x0000000c   Code   RO          630    i.task9_identify    button_callback.o
    0x08009fb0   0x08009fb0   0x00000034   Code   RO          631    i.task9_releases    button_callback.o
    0x08009fe4   0x08009fe4   0x00000044   Code   RO          632    i.task_log          button_callback.o
    0x0800a028   0x0800a028   0x00000040   Code   RO         1822    i.test              hx711.o
    0x0800a068   0x0800a068   0x0000000a   Code   RO         9053    i.timer_auto_reload_shadow_enable  gd32f4xx_timer.o
    0x0800a072   0x0800a072   0x00000002   PAD
    0x0800a074   0x0800a074   0x000001d8   Code   RO         9070    i.timer_channel_output_config  gd32f4xx_timer.o
    0x0800a24c   0x0800a24c   0x00000054   Code   RO         9072    i.timer_channel_output_mode_config  gd32f4xx_timer.o
    0x0800a2a0   0x0800a2a0   0x00000020   Code   RO         9074    i.timer_channel_output_pulse_value_config  gd32f4xx_timer.o
    0x0800a2c0   0x0800a2c0   0x00000054   Code   RO         9075    i.timer_channel_output_shadow_config  gd32f4xx_timer.o
    0x0800a314   0x0800a314   0x00000010   Code   RO         9077    i.timer_channel_output_struct_para_init  gd32f4xx_timer.o
    0x0800a324   0x0800a324   0x00000188   Code   RO         9084    i.timer_deinit      gd32f4xx_timer.o
    0x0800a4ac   0x0800a4ac   0x0000000a   Code   RO         9085    i.timer_disable     gd32f4xx_timer.o
    0x0800a4b6   0x0800a4b6   0x0000000a   Code   RO         9089    i.timer_enable      gd32f4xx_timer.o
    0x0800a4c0   0x0800a4c0   0x00000094   Code   RO         9099    i.timer_init        gd32f4xx_timer.o
    0x0800a554   0x0800a554   0x00000008   Code   RO         9106    i.timer_interrupt_enable  gd32f4xx_timer.o
    0x0800a55c   0x0800a55c   0x00000006   Code   RO         9107    i.timer_interrupt_flag_clear  gd32f4xx_timer.o
    0x0800a562   0x0800a562   0x00000014   Code   RO         9108    i.timer_interrupt_flag_get  gd32f4xx_timer.o
    0x0800a576   0x0800a576   0x00000014   Code   RO         9119    i.timer_struct_para_init  gd32f4xx_timer.o
    0x0800a58a   0x0800a58a   0x00000002   PAD
    0x0800a58c   0x0800a58c   0x00000084   Code   RO         4029    i.ulTaskGenericNotifyTake  tasks.o
    0x0800a610   0x0800a610   0x000000b8   Code   RO         9740    i.usart_baudrate_set  gd32f4xx_usart.o
    0x0800a6c8   0x0800a6c8   0x0000000e   Code   RO         9743    i.usart_data_first_config  gd32f4xx_usart.o
    0x0800a6d6   0x0800a6d6   0x00000008   Code   RO         9744    i.usart_data_receive  gd32f4xx_usart.o
    0x0800a6de   0x0800a6de   0x00000008   Code   RO         9745    i.usart_data_transmit  gd32f4xx_usart.o
    0x0800a6e6   0x0800a6e6   0x00000002   PAD
    0x0800a6e8   0x0800a6e8   0x000000e0   Code   RO         9746    i.usart_deinit      gd32f4xx_usart.o
    0x0800a7c8   0x0800a7c8   0x0000000a   Code   RO         9750    i.usart_enable      gd32f4xx_usart.o
    0x0800a7d2   0x0800a7d2   0x0000001a   Code   RO         9752    i.usart_flag_get    gd32f4xx_usart.o
    0x0800a7ec   0x0800a7ec   0x00000016   Code   RO         9756    i.usart_hardware_flow_coherence_config  gd32f4xx_usart.o
    0x0800a802   0x0800a802   0x00000014   Code   RO         9760    i.usart_interrupt_enable  gd32f4xx_usart.o
    0x0800a816   0x0800a816   0x00000032   Code   RO         9762    i.usart_interrupt_flag_get  gd32f4xx_usart.o
    0x0800a848   0x0800a848   0x00000044   Code   RO         2336    i.usart_lcd_init    usart_lcd.o
    0x0800a88c   0x0800a88c   0x00000010   Code   RO         9775    i.usart_parity_config  gd32f4xx_usart.o
    0x0800a89c   0x0800a89c   0x0000000c   Code   RO         9777    i.usart_receive_config  gd32f4xx_usart.o
    0x0800a8a8   0x0800a8a8   0x00000010   Code   RO         9788    i.usart_stop_bit_set  gd32f4xx_usart.o
    0x0800a8b8   0x0800a8b8   0x0000000c   Code   RO         9792    i.usart_transmit_config  gd32f4xx_usart.o
    0x0800a8c4   0x0800a8c4   0x00000010   Code   RO         9793    i.usart_word_length_set  gd32f4xx_usart.o
    0x0800a8d4   0x0800a8d4   0x00000026   Code   RO         3838    i.uxListRemove      list.o
    0x0800a8fa   0x0800a8fa   0x00000002   PAD
    0x0800a8fc   0x0800a8fc   0x0000000c   Code   RO         4031    i.uxTaskGetNumberOfTasks  tasks.o
    0x0800a908   0x0800a908   0x00000016   Code   RO         3839    i.vListInitialise   list.o
    0x0800a91e   0x0800a91e   0x00000006   Code   RO         3840    i.vListInitialiseItem  list.o
    0x0800a924   0x0800a924   0x00000030   Code   RO         3841    i.vListInsert       list.o
    0x0800a954   0x0800a954   0x00000018   Code   RO         3842    i.vListInsertEnd    list.o
    0x0800a96c   0x0800a96c   0x0000001c   Code   RO         4548    i.vPortEnterCritical  port.o
    0x0800a988   0x0800a988   0x00000018   Code   RO         4549    i.vPortExitCritical  port.o
    0x0800a9a0   0x0800a9a0   0x00000044   Code   RO         4486    i.vPortFree         heap_4.o
    0x0800a9e4   0x0800a9e4   0x00000018   Code   RO         4550    i.vPortSetupTimerInterrupt  port.o
    0x0800a9fc   0x0800a9fc   0x00000046   Code   RO         3887    i.vQueueWaitForMessageRestricted  queue.o
    0x0800aa42   0x0800aa42   0x00000002   PAD
    0x0800aa44   0x0800aa44   0x00000034   Code   RO         4035    i.vTaskDelay        tasks.o
    0x0800aa78   0x0800aa78   0x0000009c   Code   RO         4036    i.vTaskDelete       tasks.o
    0x0800ab14   0x0800ab14   0x000000e8   Code   RO         4038    i.vTaskGenericNotifyGiveFromISR  tasks.o
    0x0800abfc   0x0800abfc   0x00000010   Code   RO         4039    i.vTaskInternalSetTimeOutState  tasks.o
    0x0800ac0c   0x0800ac0c   0x0000000c   Code   RO         4040    i.vTaskMissedYield  tasks.o
    0x0800ac18   0x0800ac18   0x00000020   Code   RO         4041    i.vTaskPlaceOnEventList  tasks.o
    0x0800ac38   0x0800ac38   0x00000044   Code   RO         4042    i.vTaskPlaceOnEventListRestricted  tasks.o
    0x0800ac7c   0x0800ac7c   0x000000d0   Code   RO         4044    i.vTaskPrioritySet  tasks.o
    0x0800ad4c   0x0800ad4c   0x00000094   Code   RO         4046    i.vTaskResume       tasks.o
    0x0800ade0   0x0800ade0   0x00000058   Code   RO         4048    i.vTaskStartScheduler  tasks.o
    0x0800ae38   0x0800ae38   0x000000b0   Code   RO         4049    i.vTaskSuspend      tasks.o
    0x0800aee8   0x0800aee8   0x00000010   Code   RO         4050    i.vTaskSuspendAll   tasks.o
    0x0800aef8   0x0800aef8   0x00000048   Code   RO         4051    i.vTaskSwitchContext  tasks.o
    0x0800af40   0x0800af40   0x00000064   Code   RO         1198    i.vTimerCallback    rtc.o
    0x0800afa4   0x0800afa4   0x00000064   Code   RO          633    i.waterfall_led     button_callback.o
    0x0800b008   0x0800b008   0x00000040   Code   RO         4551    i.xPortStartScheduler  port.o
    0x0800b048   0x0800b048   0x00000040   Code   RO         3888    i.xQueueGenericCreate  queue.o
    0x0800b088   0x0800b088   0x00000094   Code   RO         3889    i.xQueueGenericReset  queue.o
    0x0800b11c   0x0800b11c   0x000000f8   Code   RO         3890    i.xQueueGenericSend  queue.o
    0x0800b214   0x0800b214   0x00000070   Code   RO         3891    i.xQueueGenericSendFromISR  queue.o
    0x0800b284   0x0800b284   0x000000f0   Code   RO         3897    i.xQueueReceive     queue.o
    0x0800b374   0x0800b374   0x00000058   Code   RO         4053    i.xTaskCheckForTimeOut  tasks.o
    0x0800b3cc   0x0800b3cc   0x00000068   Code   RO         4054    i.xTaskCreate       tasks.o
    0x0800b434   0x0800b434   0x0000000c   Code   RO         4060    i.xTaskGetCurrentTaskHandle  tasks.o
    0x0800b440   0x0800b440   0x0000001c   Code   RO         4061    i.xTaskGetSchedulerState  tasks.o
    0x0800b45c   0x0800b45c   0x0000000c   Code   RO         4062    i.xTaskGetTickCount  tasks.o
    0x0800b468   0x0800b468   0x0000011c   Code   RO         4064    i.xTaskIncrementTick  tasks.o
    0x0800b584   0x0800b584   0x000000c8   Code   RO         4065    i.xTaskRemoveFromEventList  tasks.o
    0x0800b64c   0x0800b64c   0x00000114   Code   RO         4066    i.xTaskResumeAll    tasks.o
    0x0800b760   0x0800b760   0x00000034   Code   RO         4350    i.xTimerCreate      timers.o
    0x0800b794   0x0800b794   0x0000003c   Code   RO         4351    i.xTimerCreateTimerTask  timers.o
    0x0800b7d0   0x0800b7d0   0x00000054   Code   RO         4352    i.xTimerGenericCommand  timers.o
    0x0800b824   0x0800b824   0x0000003b   Data   RO          636    .constdata          button_callback.o
    0x0800b85f   0x0800b85f   0x00000001   PAD
    0x0800b860   0x0800b860   0x0000004a   Data   RO         1657    .constdata          beep.o
    0x0800b8aa   0x0800b8aa   0x00000092   Data   RO         1664    .constdata          beep.o
    0x0800b93c   0x0800b93c   0x000021a0   Data   RO         1878    .constdata          oled.o
    0x0800dadc   0x0800dadc   0x00000020   Data   RO         1961    .constdata          ch455g.o
    0x0800dafc   0x0800dafc   0x00000034   Data   RO         2286    .constdata          speak.o
    0x0800db30   0x0800db30   0x00000040   Data   RO         2878    .constdata          step_motor.o
    0x0800db70   0x0800db70   0x00000098   Data   RO        10140    .constdata          m_wm.l(atan.o)
    0x0800dc08   0x0800dc08   0x00000088   Data   RO        10166    .constdata          m_wm.l(pow.o)
    0x0800dc90   0x0800dc90   0x00000008   Data   RO        10537    .constdata          m_wm.l(qnan.o)
    0x0800dc98   0x0800dc98   0x0000004d   Data   RO          557    .conststring        task_manager.o
    0x0800dce5   0x0800dce5   0x00000003   PAD
    0x0800dce8   0x0800dce8   0x0000009e   Data   RO          637    .conststring        button_callback.o
    0x0800dd86   0x0800dd86   0x00000002   PAD
    0x0800dd88   0x0800dd88   0x00000020   Data   RO        10593    Region$$Table       anon$$obj.o


    Execution Region RW_IRAM1 (Exec base: 0x20000000, Load base: 0x0800dda8, Size: 0x00007e70, Max: 0x00020000, ABSOLUTE, COMPRESSED[0x00000464])

    Exec Addr    Load Addr    Size         Type   Attr      Idx    E Section Name        Object

    0x20000000   COMPRESSED   0x00000014   Data   RW           20    .data               gd32f4xx_it.o
    0x20000014   COMPRESSED   0x0000002c   Data   RW          453    .data               main.o
    0x20000040   COMPRESSED   0x00000008   Data   RW          506    .data               systick.o
    0x20000048   COMPRESSED   0x000007c4   Data   RW          639    .data               button_callback.o
    0x2000080c   COMPRESSED   0x0000000c   Data   RW         1199    .data               rtc.o
    0x20000818   COMPRESSED   0x00000030   Data   RW         1577    .data               rgb_led.o
    0x20000848   COMPRESSED   0x00000014   Data   RW         1665    .data               beep.o
    0x2000085c   COMPRESSED   0x00000004   Data   RW         1672    .data               beep.o
    0x20000860   COMPRESSED   0x0000006c   Data   RW         1720    .data               key.o
    0x200008cc   COMPRESSED   0x00000004   Data   RW         1765    .data               bh1750.o
    0x200008d0   COMPRESSED   0x00000010   Data   RW         1766    .data               bh1750.o
    0x200008e0   COMPRESSED   0x00000010   Data   RW         1823    .data               hx711.o
    0x200008f0   COMPRESSED   0x0000000c   Data   RW         1824    .data               hx711.o
    0x200008fc   COMPRESSED   0x00000028   Data   RW         1879    .data               oled.o
    0x20000924   COMPRESSED   0x00000014   Data   RW         1962    .data               ch455g.o
    0x20000938   COMPRESSED   0x0000000e   Data   RW         2027    .data               mpu6050.o
    0x20000946   COMPRESSED   0x00000002   PAD
    0x20000948   COMPRESSED   0x00000014   Data   RW         2028    .data               mpu6050.o
    0x2000095c   COMPRESSED   0x00000020   Data   RW         2141    .data               rc522.o
    0x2000097c   COMPRESSED   0x00000018   Data   RW         2287    .data               speak.o
    0x20000994   COMPRESSED   0x00000020   Data   RW         2338    .data               usart_lcd.o
    0x200009b4   COMPRESSED   0x0000004c   Data   RW         2475    .data               c1016.o
    0x20000a00   COMPRESSED   0x0000001a   Data   RW         2593    .data               c1016_cmds.o
    0x20000a1a   COMPRESSED   0x0000001a   Data   RW         2595    .data               c1016_cmds.o
    0x20000a34   COMPRESSED   0x0000001a   Data   RW         2596    .data               c1016_cmds.o
    0x20000a4e   COMPRESSED   0x0000001a   Data   RW         2597    .data               c1016_cmds.o
    0x20000a68   COMPRESSED   0x0000001a   Data   RW         2598    .data               c1016_cmds.o
    0x20000a82   COMPRESSED   0x0000001a   Data   RW         2599    .data               c1016_cmds.o
    0x20000a9c   COMPRESSED   0x0000001a   Data   RW         2600    .data               c1016_cmds.o
    0x20000ab6   COMPRESSED   0x00000002   PAD
    0x20000ab8   COMPRESSED   0x00000014   Data   RW         2664    .data               dht11.o
    0x20000acc   COMPRESSED   0x00000004   Data   RW         2665    .data               dht11.o
    0x20000ad0   COMPRESSED   0x00000008   Data   RW         2777    .data               ds18b20.o
    0x20000ad8   COMPRESSED   0x00000001   Data   RW         2879    .data               step_motor.o
    0x20000ad9   COMPRESSED   0x00000003   PAD
    0x20000adc   COMPRESSED   0x00000014   Data   RW         2880    .data               step_motor.o
    0x20000af0   COMPRESSED   0x00000008   Data   RW         2941    .data               motor.o
    0x20000af8   COMPRESSED   0x0000000c   Data   RW         2942    .data               motor.o
    0x20000b04   COMPRESSED   0x0000000c   Data   RW         3102    .data               fan.o
    0x20000b10   COMPRESSED   0x0000000c   Data   RW         3172    .data               ultrasonic.o
    0x20000b1c   COMPRESSED   0x00000004   Data   RW         3173    .data               ultrasonic.o
    0x20000b20   COMPRESSED   0x0000001c   Data   RW         3174    .data               ultrasonic.o
    0x20000b3c   COMPRESSED   0x0000004c   Data   RW         3236    .data               _74hc595.o
    0x20000b88   COMPRESSED   0x00000050   Data   RW         3309    .data               matrix_data.o
    0x20000bd8   COMPRESSED   0x00000028   Data   RW         3311    .data               matrix_data.o
    0x20000c00   COMPRESSED   0x00000010   Data   RW         3333    .data               nixie.o
    0x20000c10   COMPRESSED   0x00000014   Data   RW         3335    .data               nixie.o
    0x20000c24   COMPRESSED   0x00000008   Data   RW         3483    .data               servo.o
    0x20000c2c   COMPRESSED   0x00000008   Data   RW         3553    .data               infrared_distance.o
    0x20000c34   COMPRESSED   0x0000001c   Data   RW         3554    .data               infrared_distance.o
    0x20000c50   COMPRESSED   0x00000040   Data   RW         4069    .data               tasks.o
    0x20000c90   COMPRESSED   0x00000014   Data   RW         4359    .data               timers.o
    0x20000ca4   COMPRESSED   0x0000001c   Data   RW         4492    .data               heap_4.o
    0x20000cc0   COMPRESSED   0x00000004   Data   RW         4552    .data               port.o
    0x20000cc4   COMPRESSED   0x00000004   Data   RW        10554    .data               mc_w.l(stdout.o)
    0x20000cc8   COMPRESSED   0x00000004   Data   RW        10565    .data               mc_w.l(mvars.o)
    0x20000ccc   COMPRESSED   0x00000004   Data   RW        10566    .data               mc_w.l(mvars.o)
    0x20000cd0   COMPRESSED   0x00000004   Data   RW        10570    .data               mc_w.l(errno.o)
    0x20000cd4        -       0x00000392   Zero   RW           18    .bss                gd32f4xx_it.o
    0x20001066   COMPRESSED   0x00000002   PAD
    0x20001068        -       0x000000f0   Zero   RW          505    .bss                systick.o
    0x20001158        -       0x00000070   Zero   RW          634    .bss                button_callback.o
    0x200011c8        -       0x00000190   Zero   RW          635    .bss                button_callback.o
    0x20001358        -       0x0000000c   Zero   RW         1576    .bss                rgb_led.o
    0x20001364        -       0x00000014   Zero   RW         1764    .bss                bh1750.o
    0x20001378        -       0x00000014   Zero   RW         1877    .bss                oled.o
    0x2000138c        -       0x00000034   Zero   RW         1960    .bss                ch455g.o
    0x200013c0        -       0x00000014   Zero   RW         2026    .bss                mpu6050.o
    0x200013d4        -       0x00000028   Zero   RW         2140    .bss                rc522.o
    0x200013fc        -       0x00000028   Zero   RW         2285    .bss                speak.o
    0x20001424        -       0x00000028   Zero   RW         2337    .bss                usart_lcd.o
    0x2000144c        -       0x00000132   Zero   RW         2474    .bss                c1016.o
    0x2000157e   COMPRESSED   0x00000002   PAD
    0x20001580        -       0x000000c8   Zero   RW         4068    .bss                tasks.o
    0x20001648        -       0x00000028   Zero   RW         4358    .bss                timers.o
    0x20001670        -       0x00004400   Zero   RW         4491    .bss                heap_4.o
    0x20005a70        -       0x00002000   Zero   RW         4657    HEAP                startup_gd32f407.o
    0x20007a70        -       0x00000400   Zero   RW         4656    STACK               startup_gd32f407.o


==============================================================================

Image component sizes


      Code (inc. data)   RO Data    RW Data    ZI Data      Debug   Object Name

       948         56          0         76          0       9653   _74hc595.o
       214          0          0          0          0       3480   adc.o
         0          0          0          0          0        556   alcohol.o
       316         28        220         24          0       5742   beep.o
       362         58          0         20         20       5104   bh1750.o
      4792       1680        217       1988        512      50835   button_callback.o
      3128       1414          0         76        306      15877   c1016.o
         0          0          0        182          0        917   c1016_cmds.o
       272         40         32         20         52       5028   ch455g.o
       672         74          0         24          0      11954   dht11.o
       568         38          0          8          0       7996   ds18b20.o
         0          0          0          0          0      13044   event_groups.o
       160         22          0          0          0       1038   exti.o
        44          4          0         12          0       1593   fan.o
       552         12          0          0          0      10425   gd32f4xx_adc.o
       160         16          0          0          0       2154   gd32f4xx_exti.o
       276          0          0          0          0       5178   gd32f4xx_gpio.o
       862        132          0         20        914      74037   gd32f4xx_it.o
       204         16          0          0          0       2184   gd32f4xx_misc.o
       336         48          0          0          0       4679   gd32f4xx_rcu.o
       104          6          0          0          0        854   gd32f4xx_syscfg.o
      1312         48          0          0          0      10923   gd32f4xx_timer.o
       638         18          0          0          0      10610   gd32f4xx_usart.o
       384         26          0         28      17408       4863   heap_4.o
       312         52          0         28          0       3940   hx711.o
       724          0          0          0          0       6525   iic.o
       156         44          0         36          0       1887   infrared_distance.o
       372         40          0        108          0       4446   key.o
       138          0          0          0          0       3374   list.o
       238         78          0         44          0       3775   main.o
         0          0          0        120          0        671   matrix_data.o
       468         26          0         20          0      70787   motor.o
      1872         92          0         34         20      13583   mpu6050.o
       682         66          0         36          0       7064   nixie.o
      1322         38       8608         40         20      11442   oled.o
       426         54          0          4          0       9368   port.o
      1200         14          0          0          0      14843   queue.o
      2492        602          0         32         40      19289   rc522.o
       988         96          0         48         12       8410   rgb_led.o
       326         82          0         12          0      20611   rtc.o
        52          4          0          8          0       1683   servo.o
       524         44         52         24         40       3820   speak.o
        36          8        392          0       9216        884   startup_gd32f407.o
       484         30         64         21          0       5759   step_motor.o
       284         30          0          0          0       2469   system_gd32f4xx.o
       214         36          0          8        240       3065   systick.o
      1436       1020         77          0          0       2653   task_manager.o
      3226        244          0         64        200      40323   tasks.o
       418         14          0          0          0       2544   timer.o
       944         84          0         20         40      16082   timers.o
       360         58          0         44          0       5071   ultrasonic.o
       244          0          0          0          0       2233   usart.o
      1052         96          0         32         40      11821   usart_lcd.o

    ----------------------------------------------------------------------
     37366       6688       9700       3268      29084     557146   Object Totals
         0          0         32          0          0          0   (incl. Generated)
        72          0          6          7          4          0   (incl. Padding)

    ----------------------------------------------------------------------

      Code (inc. data)   RO Data    RW Data    ZI Data      Debug   Library Member Name

       728        106        152          0          0        228   atan.o
       184         44          0          0          0        744   dunder.o
        24          0          0          0          0        124   fabs.o
        48          0          0          0          0        124   fpclassify.o
       248          0          0          0          0        152   poly.o
      3152        296        136          0          0        352   pow.o
         0          0          8          0          0          0   qnan.o
       232          0          0          0          0        296   sqrt.o
        86          0          0          0          0          0   __dczerorl2.o
         0          0          0          0          0          0   entry.o
         0          0          0          0          0          0   entry10a.o
         0          0          0          0          0          0   entry11a.o
         4          0          0          0          0          0   entry12b.o
         8          4          0          0          0          0   entry2.o
         4          0          0          0          0          0   entry5.o
         0          0          0          0          0          0   entry7b.o
         0          0          0          0          0          0   entry8b.o
         8          4          0          0          0          0   entry9a.o
        12          6          0          4          0         68   errno.o
        30          0          0          0          0          0   handlers.o
        36          8          0          0          0         68   init.o
         0          0          0          0          0          0   iusefp.o
        30          0          0          0          0         68   llshl.o
        36          0          0          0          0         68   llsshr.o
        32          0          0          0          0         68   llushr.o
       188         20          0          0          0        160   malloc.o
        36          0          0          0          0         68   memcpya.o
        36          0          0          0          0        108   memseta.o
         0          0          0          8          0          0   mvars.o
      2394        106          0          0          0        852   printfa.o
         0          0          0          4          0          0   stdout.o
        28          0          0          0          0         76   strcmp.o
        18          0          0          0          0         68   strcpy.o
        14          0          0          0          0         68   strlen.o
        24          0          0          0          0         76   strncpy.o
        44          0          0          0          0         80   uidiv.o
        98          0          0          0          0         92   uldiv.o
        48          0          0          0          0         68   cdrcmple.o
        56          0          0          0          0         88   d2f.o
       334          0          0          0          0        148   dadd.o
       222          0          0          0          0        100   ddiv.o
       186          0          0          0          0        176   depilogue.o
        50          0          0          0          0         76   dfixui.o
        48          0          0          0          0         68   dfixul.o
        34          0          0          0          0         76   dflti.o
        26          0          0          0          0         76   dfltui.o
       228          0          0          0          0         96   dmul.o
        46          0          0          0          0         80   dscalb.o
       162          0          0          0          0        100   dsqrt.o
        38          0          0          0          0         68   f2d.o
       110          0          0          0          0        168   fepilogue.o

    ----------------------------------------------------------------------
      9382        594        296         16          0       5396   Library Totals
        12          0          0          0          0          0   (incl. Padding)

    ----------------------------------------------------------------------

      Code (inc. data)   RO Data    RW Data    ZI Data      Debug   Library Name

      4616        446        296          0          0       2020   m_wm.l
      3166        148          0         16          0       1988   mc_w.l
      1588          0          0          0          0       1388   mf_w.l

    ----------------------------------------------------------------------
      9382        594        296         16          0       5396   Library Totals

    ----------------------------------------------------------------------

==============================================================================


      Code (inc. data)   RO Data    RW Data    ZI Data      Debug   

     46748       7282       9996       3284      29084     515554   Grand Totals
     46748       7282       9996       1124      29084     515554   ELF Image Totals (compressed)
     46748       7282       9996       1124          0          0   ROM Totals

==============================================================================

    Total RO  Size (Code + RO Data)                56744 (  55.41kB)
    Total RW  Size (RW Data + ZI Data)             32368 (  31.61kB)
    Total ROM Size (Code + RO Data + RW Data)      57868 (  56.51kB)

==============================================================================

